Component: ARM Compiler 5.06 update 1 (build 61) Tool: armlink [4d35a8]

==============================================================================

Section Cross References

    adafruit_pn532.o(.text) refers to dflti.o(.text) for __aeabi_i2d
    adafruit_pn532.o(.text) refers to dmul.o(.text) for __aeabi_dmul
    adafruit_pn532.o(.text) refers to ddiv.o(.text) for __aeabi_ddiv
    adafruit_pn532.o(.text) refers to d2f.o(.text) for __aeabi_d2f
    adafruit_pn532.o(.text) refers to wait_api.o(i.wait) for wait
    adafruit_pn532.o(.text) refers to rt_memcpy.o(.emb_text) for __aeabi_memcpy4
    adafruit_pn532.o(.text) refers to adafruit_pn532.o(i._ZN4mbed10DigitalOutC1E7PinName) for mbed::DigitalOut::DigitalOut(PinName)
    adafruit_pn532.o(.text) refers to rt_memclr.o(.text) for __aeabi_memclr4
    adafruit_pn532.o(.text) refers to gpio.o(i.gpio_init_in) for gpio_init_in
    adafruit_pn532.o(.text) refers to adafruit_pn532.o(i._ZN4mbed10DigitalOutaSEi) for mbed::DigitalOut::operator =(int)
    adafruit_pn532.o(.text) refers to assert.o(i.mbed_assert_internal) for mbed_assert_internal
    adafruit_pn532.o(.text) refers to strncmp.o(.text) for strncmp
    adafruit_pn532.o(.text) refers to adafruit_pn532.o(.data) for pn532ack
    adafruit_pn532.o(.text) refers to adafruit_pn532.o(.bss) for pn532_packetbuffer
    adafruit_pn532.o(.text) refers to rt_memcpy.o(.text) for __aeabi_memcpy
    adafruit_pn532.o(.text) refers to Stream.o(i._ZN4mbed6Stream6printfEPKcz) for mbed::Stream::printf(const char*, ...)
    adafruit_pn532.o(.text) refers to strlen.o(.text) for strlen
    adafruit_pn532.o(.text) refers to Serial.o(i._ZN4mbed6SerialC1E7PinNameS1_PKc) for mbed::Serial::Serial(PinName, PinName, const char*)
    adafruit_pn532.o(.text) refers to aeabi_atexit.o(.text) for __aeabi_atexit
    adafruit_pn532.o(.text) refers to Serial.o(i._ZN4mbed6SerialD1Ev) for mbed::Serial::~Serial()
    adafruit_pn532.o(.ARM.exidx) refers to adafruit_pn532.o(.text) for .text
    adafruit_pn532.o(.init_array) refers to adafruit_pn532.o(.text) for __sti___18_Adafruit_PN532_cpp_pn532ack
    adafruit_pn532.o(.init_array) refers to init_aeabi.o(.text) for __cpp_initialize__aeabi_
    board.o(i.mbed_die) refers to gpio.o(i.gpio_init_out) for gpio_init_out
    board.o(i.mbed_die) refers to assert.o(i.mbed_assert_internal) for mbed_assert_internal
    board.o(i.mbed_die) refers to wait_api.o(i.wait_ms) for wait_ms
    board.o(i.mbed_die) refers to board.o(.conststring) for .conststring
    cmsis_nvic.o(i.NVIC_SetVector) refers to rt_memcpy.o(.emb_text) for __aeabi_memcpy4
    main.o(.text) refers to adafruit_pn532.o(i._ZN4mbed10DigitalOutaSEi) for mbed::DigitalOut::operator =(int)
    main.o(.text) refers to adafruit_pn532.o(.text) for Adafruit_PN532::readPassiveTargetID(unsigned char, unsigned char*, unsigned char*)
    main.o(.text) refers to Stream.o(i._ZN4mbed6Stream6printfEPKcz) for mbed::Stream::printf(const char*, ...)
    main.o(.text) refers to rt_memcpy.o(.emb_text) for __aeabi_memcpy4
    main.o(.text) refers to wait_api.o(i.wait) for wait
    main.o(.text) refers to adafruit_pn532.o(i._ZN4mbed10DigitalOutC1E7PinName) for mbed::DigitalOut::DigitalOut(PinName)
    main.o(.text) refers to Serial.o(i._ZN4mbed6SerialC1E7PinNameS1_PKc) for mbed::Serial::Serial(PinName, PinName, const char*)
    main.o(.text) refers to aeabi_atexit.o(.text) for __aeabi_atexit
    main.o(.text) refers to main.o(.bss) for green
    main.o(.text) refers to main.o(.constdata) for .constdata
    main.o(.text) refers to Serial.o(i._ZN4mbed6SerialD1Ev) for mbed::Serial::~Serial()
    main.o(.ARM.exidx) refers to main.o(.text) for .text
    main.o(.init_array) refers to main.o(.text) for __sti___8_main_cpp_red
    main.o(.init_array) refers to init_aeabi.o(.text) for __cpp_initialize__aeabi_
    mbed_overrides.o(i.NMI_Handler) refers to gpio.o(i.gpio_init_in) for gpio_init_in
    retarget.o(i.$Sub$$main) refers to retarget.o(i.mbed_sdk_init) for mbed_sdk_init
    retarget.o(i.$Sub$$main) refers to retarget.o(i.mbed_main) for mbed_main
    retarget.o(i.$Sub$$main) refers to main.o(.text) for $Super$$main
    retarget.o(i._ZN4mbed10FileHandleD0Ev) refers to delete.o(i._ZdlPv) for operator delete (void*)
    retarget.o(i._ZN4mbed10FileHandleD0Ev) refers to retarget.o(.constdata__ZTVN4mbed10FileHandleE) for vtable for mbed::FileHandle
    retarget.o(i._ZN4mbed10FileHandleD0Ev) refers to retarget.o(.bss) for .bss
    retarget.o(i._ZN4mbed10FileHandleD2Ev) refers to retarget.o(.constdata__ZTVN4mbed10FileHandleE) for vtable for mbed::FileHandle
    retarget.o(i._ZN4mbed10FileHandleD2Ev) refers to retarget.o(.bss) for .bss
    retarget.o(i._ZN4mbed26mbed_set_unbuffered_streamEPSt6__FILE) refers to setbuf.o(.text) for setbuf
    retarget.o(i._ZN4mbed9mbed_getcEPSt6__FILE) refers to fgetc.o(i.fgetc) for fgetc
    retarget.o(i._ZN4mbed9mbed_getsEPciPSt6__FILE) refers to fgets.o(.text) for fgets
    retarget.o(i._sys_close) refers to retarget.o(.bss) for .bss
[...]
    .bss                                     0x1ffff404   Section       20  rt_locale.o(.bss)
    __rt_locale_data                         0x1ffff404   Data          20  rt_locale.o(.bss)
    .bss                                     0x1ffff418   Section        4  rt_errno_addr.o(.bss)
    __aeabi_errno_addr_data                  0x1ffff418   Data           4  rt_errno_addr.o(.bss)

    Global Symbols

    Symbol Name                              Value     Ov Type        Size  Object(Section)

    BuildAttributes$$THM_ISAv3M$S$PE$A:L22$X:L11$S22$IEEE1$IW$USESV6$~STKCKD$USESV7$~SHL$OTIME$ROPI$IEEEX$EBA8$UX$STANDARDLIB$REQ8$PRES8$EABIv2 0x00000000   Number         0  anon$$obj.o ABSOLUTE
    __ARM_use_no_argv                        0x00000000   Number         0  main.o ABSOLUTE
    __Vectors                                0x00000000   Data           4  startup_MKL25Z4.o(RESET)
    __dso_handle                             0x00000000   Number         0  startup_MKL25Z4.o(RESET)
    _printf_flags                            0x00000000   Number         0  printf_stubs.o ABSOLUTE
    _printf_return_value                     0x00000000   Number         0  printf_stubs.o ABSOLUTE
    _printf_sizespec                         0x00000000   Number         0  printf_stubs.o ABSOLUTE
    _printf_widthprec                        0x00000000   Number         0  printf_stubs.o ABSOLUTE
    SHT$$ARM_EXIDX$$Base                      - Undefined Reference
    SHT$$ARM_EXIDX$$Limit                     - Undefined Reference
    __ARM::default_unexpected_handler()       - Undefined Weak Reference
    __ARM_exceptions_buffer_required          - Undefined Weak Reference
    __ARM_exceptions_init                     - Undefined Weak Reference
    __aeabi_unwind_cpp_pr1                    - Undefined Weak Reference
    __aeabi_unwind_cpp_pr2                    - Undefined Weak Reference
    __alloca_initialize                       - Undefined Weak Reference
    __arm_preinit_                            - Undefined Weak Reference
    __cxa_begin_cleanup                       - Undefined Weak Reference
    __cxa_type_match                          - Undefined Weak Reference
    __rt_lib_shutdown                         - Undefined Weak Reference
    __sigvec_lookup                           - Undefined Weak Reference
    __user_heap_extent                        - Undefined Weak Reference
    _atexit_init                              - Undefined Weak Reference
    _clock_init                               - Undefined Weak Reference
    _fp_trap_init                             - Undefined Weak Reference
    _fp_trap_shutdown                         - Undefined Weak Reference
    _get_lc_collate                           - Undefined Weak Reference
    _get_lc_monetary                          - Undefined Weak Reference
    _get_lc_time                              - Undefined Weak Reference
    _getenv_init                              - Undefined Weak Reference
    _handle_redirection                       - Undefined Weak Reference
    _mutex_acquire                            - Undefined Weak Reference
    _mutex_free                               - Undefined Weak Reference
    _mutex_release                            - Undefined Weak Reference
    _printf_mbtowc                            - Undefined Weak Reference
    _printf_wc                                - Undefined Weak Reference
    _rand_init                                - Undefined Weak Reference
    _signal_finish                            - Undefined Weak Reference
    _signal_init                              - Undefined Weak Reference
    __Vectors_End                            0x000000c0   Data           0  startup_MKL25Z4.o(RESET)
    __Vectors_Size                           0x000000c0   Number         0  startup_MKL25Z4.o ABSOLUTE
    __main                                   0x000000c1   Thumb Code     8  __main.o(!!!main)
    __scatterload                            0x000000c9   Thumb Code     0  __scatter.o(!!!scatter)
    __scatterload_rt2                        0x000000c9   Thumb Code    52  __scatter.o(!!!scatter)
    __scatterload_rt2_thumb_only             0x000000c9   Thumb Code     0  __scatter.o(!!!scatter)
    __scatterload_null                       0x000000d9   Thumb Code     0  __scatter.o(!!!scatter)
    __scatterload_copy                       0x00000105   Thumb Code    26  __scatter_copy.o(!!handler_copy)
    __scatterload_zeroinit                   0x00000121   Thumb Code    28  __scatter_zi.o(!!handler_zi)
    _printf_percent                          0x0000013d   Thumb Code     0  _printf_percent.o(.ARM.Collect$$_printf_percent$$00000000)
    _printf_n                                0x0000013f   Thumb Code     0  _printf_n.o(.ARM.Collect$$_printf_percent$$00000001)
    _printf_p                                0x00000149   Thumb Code     0  _printf_p.o(.ARM.Collect$$_printf_percent$$00000002)
    _printf_f                                0x00000153   Thumb Code     0  _printf_f.o(.ARM.Collect$$_printf_percent$$00000003)
    _printf_e                                0x0000015d   Thumb Code     0  _printf_e.o(.ARM.Collect$$_printf_percent$$00000004)
    _printf_g                                0x00000167   Thumb Code     0  _printf_g.o(.ARM.Collect$$_printf_percent$$00000005)
    _printf_a                                0x00000171   Thumb Code     0  _printf_a.o(.ARM.Collect$$_printf_percent$$00000006)
    _printf_ll                               0x0000017b   Thumb Code     0  _printf_ll.o(.ARM.Collect$$_printf_percent$$00000007)
    _printf_i                                0x00000185   Thumb Code     0  _printf_i.o(.ARM.Collect$$_printf_percent$$00000008)
    _printf_d                                0x0000018f   Thumb Code     0  _printf_d.o(.ARM.Collect$$_printf_percent$$00000009)
    _printf_u                                0x00000199   Thumb Code     0  _printf_u.o(.ARM.Collect$$_printf_percent$$0000000A)
    _printf_o                                0x000001a3   Thumb Code     0  _printf_o.o(.ARM.Collect$$_printf_percent$$0000000B)
    _printf_x                                0x000001ad   Thumb Code     0  _printf_x.o(.ARM.Collect$$_printf_percent$$0000000C)
    _printf_lli                              0x000001b7   Thumb Code     0  _printf_lli.o(.ARM.Collect$$_printf_percent$$0000000D)
    _printf_lld                              0x000001c1   Thumb Code     0  _printf_lld.o(.ARM.Collect$$_printf_percent$$0000000E)
    _printf_llu                              0x000001cb   Thumb Code     0  _printf_llu.o(.ARM.Collect$$_printf_percent$$0000000F)
    _printf_llo                              0x000001d5   Thumb Code     0  _printf_llo.o(.ARM.Collect$$_printf_percent$$00000010)
    _printf_llx                              0x000001df   Thumb Code     0  _printf_llx.o(.ARM.Collect$$_printf_percent$$00000011)
    _printf_l                                0x000001e9   Thumb Code     0  _printf_l.o(.ARM.Collect$$_printf_percent$$00000012)
    _printf_c                                0x000001f3   Thumb Code     0  _printf_c.o(.ARM.Collect$$_printf_percent$$00000013)
    _printf_s                                0x000001fd   Thumb Code     0  _printf_s.o(.ARM.Collect$$_printf_percent$$00000014)
    _printf_lc                               0x00000207   Thumb Code     0  _printf_lc.o(.ARM.Collect$$_printf_percent$$00000015)
    _printf_ls                               0x00000211   Thumb Code     0  _printf_ls.o(.ARM.Collect$$_printf_percent$$00000016)
    _printf_percent_end                      0x0000021b   Thumb Code     0  _printf_percent_end.o(.ARM.Collect$$_printf_percent$$00000017)
    __rt_lib_init                            0x0000021f   Thumb Code     0  libinit.o(.ARM.Collect$$libinit$$00000000)
    __rt_lib_init_fp_1                       0x00000221   Thumb Code     0  libinit2.o(.ARM.Collect$$libinit$$00000002)
    __rt_lib_init_heap_2                     0x00000221   Thumb Code     0  libinit2.o(.ARM.Collect$$libinit$$00000005)
    __rt_lib_init_preinit_1                  0x00000221   Thumb Code     0  libinit2.o(.ARM.Collect$$libinit$$00000004)
    __rt_lib_init_heap_1                     0x00000229   Thumb Code     0  libinit2.o(.ARM.Collect$$libinit$$0000000A)
    __rt_lib_init_lc_common                  0x00000229   Thumb Code     0  libinit2.o(.ARM.Collect$$libinit$$0000000F)
    __rt_lib_init_rand_1                     0x00000229   Thumb Code     0  libinit2.o(.ARM.Collect$$libinit$$0000000E)
    __rt_lib_init_user_alloc_1               0x00000229   Thumb Code     0  libinit2.o(.ARM.Collect$$libinit$$0000000C)
    __rt_lib_init_lc_collate_1               0x0000022f   Thumb Code     0  libinit2.o(.ARM.Collect$$libinit$$00000011)
    __rt_lib_init_lc_ctype_2                 0x0000022f   Thumb Code     0  libinit2.o(.ARM.Collect$$libinit$$00000012)
    __rt_lib_init_lc_ctype_1                 0x0000023b   Thumb Code     0  libinit2.o(.ARM.Collect$$libinit$$00000013)
    __rt_lib_init_lc_monetary_1              0x0000023b   Thumb Code     0  libinit2.o(.ARM.Collect$$libinit$$00000015)
    __rt_lib_init_lc_numeric_2               0x0000023b   Thumb Code     0  libinit2.o(.ARM.Collect$$libinit$$00000016)
    __rt_lib_init_atexit_1                   0x00000245   Thumb Code     0  libinit2.o(.ARM.Collect$$libinit$$0000001B)
    __rt_lib_init_clock_1                    0x00000245   Thumb Code     0  libinit2.o(.ARM.Collect$$libinit$$00000021)
    __rt_lib_init_fp_trap_1                  0x00000245   Thumb Code     0  libinit2.o(.ARM.Collect$$libinit$$0000001F)
    __rt_lib_init_getenv_1                   0x00000245   Thumb Code     0  libinit2.o(.ARM.Collect$$libinit$$00000023)
    __rt_lib_init_lc_numeric_1               0x00000245   Thumb Code     0  libinit2.o(.ARM.Collect$$libinit$$00000017)
    __rt_lib_init_lc_time_1                  0x00000245   Thumb Code     0  libinit2.o(.ARM.Collect$$libinit$$00000019)
    __rt_lib_init_signal_1                   0x00000245   Thumb Code     0  libinit2.o(.ARM.Collect$$libinit$$0000001D)
    __rt_lib_init_stdio_2                    0x00000245   Thumb Code     0  libinit2.o(.ARM.Collect$$libinit$$00000024)
    __rt_lib_init_alloca_1                   0x00000249   Thumb Code     0  libinit2.o(.ARM.Collect$$libinit$$0000002E)
    __rt_lib_init_argv_1                     0x00000249   Thumb Code     0  libinit2.o(.ARM.Collect$$libinit$$0000002C)
    __rt_lib_init_cpp_2                      0x00000249   Thumb Code     0  libinit2.o(.ARM.Collect$$libinit$$00000031)
    __rt_lib_init_exceptions_1               0x00000249   Thumb Code     0  libinit2.o(.ARM.Collect$$libinit$$00000030)
    __rt_lib_init_stdio_1                    0x00000249   Thumb Code     0  libinit2.o(.ARM.Collect$$libinit$$00000025)
    __rt_lib_init_cpp_1                      0x0000024d   Thumb Code     0  libinit2.o(.ARM.Collect$$libinit$$00000032)
    __rt_lib_init_return                     0x0000024d   Thumb Code     0  libinit2.o(.ARM.Collect$$libinit$$00000033)
    __rt_entry                               0x0000024f   Thumb Code     0  __rtentry.o(.ARM.Collect$$rtentry$$00000000)
    __rt_entry_presh_1                       0x0000024f   Thumb Code     0  __rtentry2.o(.ARM.Collect$$rtentry$$00000002)
    __rt_entry_sh                            0x0000024f   Thumb Code     0  __rtentry4.o(.ARM.Collect$$rtentry$$00000004)
    __rt_lib_shutdown_cpp_2                  0x0000024f   Thumb Code     0  libshutdown2.o(.ARM.Collect$$libshutdown$$00000002)
    __rt_lib_shutdown_stdio_2                0x0000024f   Thumb Code     0  libshutdown2.o(.ARM.Collect$$libshutdown$$00000004)
    __rt_entry_li                            0x00000255   Thumb Code     0  __rtentry2.o(.ARM.Collect$$rtentry$$0000000A)
    __rt_entry_postsh_1                      0x00000255   Thumb Code     0  __rtentry2.o(.ARM.Collect$$rtentry$$00000009)
    __rt_entry_main                          0x00000259   Thumb Code     0  __rtentry2.o(.ARM.Collect$$rtentry$$0000000D)
    __rt_entry_postli_1                      0x00000259   Thumb Code     0  __rtentry2.o(.ARM.Collect$$rtentry$$0000000C)
    __aeabi_memcpy4                          0x00000261   Thumb Code    56  rt_memcpy.o(.emb_text)
    __aeabi_memcpy8                          0x00000261   Thumb Code     0  rt_memcpy.o(.emb_text)
    Reset_Handler                            0x00000299   Thumb Code     8  startup_MKL25Z4.o(.text)
    _maybe_terminate_alloc                   0x00000299   Thumb Code     0  maybetermalloc1.o(.emb_text)
    HardFault_Handler                        0x000002a3   Thumb Code     2  startup_MKL25Z4.o(.text)
    SVC_Handler                              0x000002a5   Thumb Code     2  startup_MKL25Z4.o(.text)
    PendSV_Handler                           0x000002a7   Thumb Code     2  startup_MKL25Z4.o(.text)
    SysTick_Handler                          0x000002a9   Thumb Code     2  startup_MKL25Z4.o(.text)
    ADC0_IRQHandler                          0x000002ab   Thumb Code     0  startup_MKL25Z4.o(.text)
    CMP0_IRQHandler                          0x000002ab   Thumb Code     0  startup_MKL25Z4.o(.text)
    DAC0_IRQHandler                          0x000002ab   Thumb Code     0  startup_MKL25Z4.o(.text)
    DMA0_IRQHandler                          0x000002ab   Thumb Code     0  startup_MKL25Z4.o(.text)
    DMA1_IRQHandler                          0x000002ab   Thumb Code     0  startup_MKL25Z4.o(.text)
    DMA2_IRQHandler                          0x000002ab   Thumb Code     0  startup_MKL25Z4.o(.text)
    DMA3_IRQHandler                          0x000002ab   Thumb Code     0  startup_MKL25Z4.o(.text)
    DefaultISR                               0x000002ab   Thumb Code     0  startup_MKL25Z4.o(.text)
    FTFA_IRQHandler                          0x000002ab   Thumb Code     0  startup_MKL25Z4.o(.text)
    I2C0_IRQHandler                          0x000002ab   Thumb Code     0  startup_MKL25Z4.o(.text)
    I2C1_IRQHandler                          0x000002ab   Thumb Code     0  startup_MKL25Z4.o(.text)
    LLW_IRQHandler                           0x000002ab   Thumb Code     0  startup_MKL25Z4.o(.text)
    LPTimer_IRQHandler                       0x000002ab   Thumb Code     0  startup_MKL25Z4.o(.text)
    LVD_LVW_IRQHandler                       0x000002ab   Thumb Code     0  startup_MKL25Z4.o(.text)
    MCG_IRQHandler                           0x000002ab   Thumb Code     0  startup_MKL25Z4.o(.text)
    PIT_IRQHandler                           0x000002ab   Thumb Code     0  startup_MKL25Z4.o(.text)
    PORTA_IRQHandler                         0x000002ab   Thumb Code     0  startup_MKL25Z4.o(.text)
    PORTD_IRQHandler                         0x000002ab   Thumb Code     0  startup_MKL25Z4.o(.text)
    RTC_IRQHandler                           0x000002ab   Thumb Code     0  startup_MKL25Z4.o(.text)
    RTC_Seconds_IRQHandler                   0x000002ab   Thumb Code     0  startup_MKL25Z4.o(.text)
    Reserved20_IRQHandler                    0x000002ab   Thumb Code     0  startup_MKL25Z4.o(.text)
    Reserved39_IRQHandler                    0x000002ab   Thumb Code     0  startup_MKL25Z4.o(.text)
    Reserved45_IRQHandler                    0x000002ab   Thumb Code     0  startup_MKL25Z4.o(.text)
    SPI0_IRQHandler                          0x000002ab   Thumb Code     0  startup_MKL25Z4.o(.text)
    SPI1_IRQHandler                          0x000002ab   Thumb Code     0  startup_MKL25Z4.o(.text)
    TPM0_IRQHandler                          0x000002ab   Thumb Code     0  startup_MKL25Z4.o(.text)
    TPM1_IRQHandler                          0x000002ab   Thumb Code     0  startup_MKL25Z4.o(.text)
    TPM2_IRQHandler                          0x000002ab   Thumb Code     0  startup_MKL25Z4.o(.text)
    TSI0_IRQHandler                          0x000002ab   Thumb Code     0  startup_MKL25Z4.o(.text)
    UART0_IRQHandler                         0x000002ab   Thumb Code     0  startup_MKL25Z4.o(.text)
    UART1_IRQHandler                         0x000002ab   Thumb Code     0  startup_MKL25Z4.o(.text)
    UART2_IRQHandler                         0x000002ab   Thumb Code     0  startup_MKL25Z4.o(.text)
    USB0_IRQHandler                          0x000002ab   Thumb Code     0  startup_MKL25Z4.o(.text)
    vfprintf                                 0x000002b5   Thumb Code    14  vfprintf.o(.text)
    __c89vfprintf                            0x000002c3   Thumb Code    14  c89vfprintf.o(.text)
    __2sprintf                               0x000002d1   Thumb Code    40  __2sprintf.o(.text)
    _printf_longlong_hex                     0x000002fd   Thumb Code    88  _printf_hex_int_ll_ptr.o(.text)
    _printf_int_hex                          0x00000355   Thumb Code    28  _printf_hex_int_ll_ptr.o(.text)
    _printf_ll_hex                           0x00000371   Thumb Code    10  _printf_hex_int_ll_ptr.o(.text)
    _printf_hex_ptr                          0x0000037b   Thumb Code    22  _printf_hex_int_ll_ptr.o(.text)
    __0sscanf                                0x00000395   Thumb Code    54  __0sscanf.o(.text)
    setbuf                                   0x000003d5   Thumb Code    26  setbuf.o(.text)
    __rt_ddtor_pointer_addr                  0x000003f1   Thumb Code     8  rt_ddtor_pointer_addr.o(.text)
    ferror                                   0x000003f9   Thumb Code     8  ferror.o(.text)
    delay(int)                               0x00000411   Thumb Code    48  adafruit_pn532.o(.text)
    Adafruit_PN532::Adafruit_PN532(mbed::DigitalOut, mbed::DigitalIn, mbed::DigitalOut, mbed::DigitalOut) 0x00000441   Thumb Code    60  adafruit_pn532.o(.text)
    Adafruit_PN532::Adafruit_PN532__sub_object(mbed::DigitalOut, mbed::DigitalIn, mbed::DigitalOut, mbed::DigitalOut) 0x00000441   Thumb Code     0  adafruit_pn532.o(.text)
    Adafruit_PN532::Adafruit_PN532(PinName, PinName, PinName, PinName) 0x0000047d   Thumb Code    80  adafruit_pn532.o(.text)
    Adafruit_PN532::Adafruit_PN532__sub_object(PinName, PinName, PinName, PinName) 0x0000047d   Thumb Code     0  adafruit_pn532.o(.text)
    Adafruit_PN532::spiread()                0x000004cd   Thumb Code   108  adafruit_pn532.o(.text)
    Adafruit_PN532::spiwrite(unsigned char)  0x00000539   Thumb Code    76  adafruit_pn532.o(.text)
    Adafruit_PN532::readspistatus()          0x00000585   Thumb Code    50  adafruit_pn532.o(.text)
    Adafruit_PN532::readspidata(unsigned char*, unsigned char) 0x000005b7   Thumb Code    70  adafruit_pn532.o(.text)
    Adafruit_PN532::spi_readack()            0x000005fd   Thumb Code    36  adafruit_pn532.o(.text)
    Adafruit_PN532::spiwritecommand(unsigned char*, unsigned char) 0x00000621   Thumb Code   156  adafruit_pn532.o(.text)
    Adafruit_PN532::sendCommandCheckAck(unsigned char*, unsigned char, unsigned short) 0x000006bd   Thumb Code   114  adafruit_pn532.o(.text)
    Adafruit_PN532::begin()                  0x0000072f   Thumb Code    42  adafruit_pn532.o(.text)
    Adafruit_PN532::SAMConfig()              0x00000759   Thumb Code    66  adafruit_pn532.o(.text)
    Adafruit_PN532::getFirmwareVersion()     0x0000079b   Thumb Code    86  adafruit_pn532.o(.text)
    Adafruit_PN532::writeGPIO(unsigned char) 0x000007f1   Thumb Code   180  adafruit_pn532.o(.text)
    Adafruit_PN532::readGPIO()               0x000008a5   Thumb Code    44  adafruit_pn532.o(.text)
    Adafruit_PN532::setPassiveActivationRetries(unsigned char) 0x000008d1   Thumb Code    50  adafruit_pn532.o(.text)
    Adafruit_PN532::readPassiveTargetID(unsigned char, unsigned char*, unsigned char*) 0x00000903   Thumb Code   140  adafruit_pn532.o(.text)
    Adafruit_PN532::mifareclassic_IsFirstBlock(unsigned) 0x0000098f   Thumb Code    38  adafruit_pn532.o(.text)
    Adafruit_PN532::mifareclassic_IsTrailerBlock(unsigned) 0x000009b5   Thumb Code    42  adafruit_pn532.o(.text)
    Adafruit_PN532::mifareclassic_AuthenticateBlock(unsigned char*, unsigned char, unsigned, unsigned char, unsigned char*) 0x000009df   Thumb Code   164  adafruit_pn532.o(.text)
    Adafruit_PN532::PrintHexChar(const unsigned char*, unsigned) 0x00000a83   Thumb Code   112  adafruit_pn532.o(.text)
    Adafruit_PN532::mifareclassic_ReadDataBlock(unsigned char, unsigned char*) 0x00000af3   Thumb Code    98  adafruit_pn532.o(.text)
    Adafruit_PN532::mifareclassic_WriteDataBlock(unsigned char, unsigned char*) 0x00000b55   Thumb Code    76  adafruit_pn532.o(.text)
    Adafruit_PN532::mifareclassic_FormatNDEF() 0x00000ba1   Thumb Code   106  adafruit_pn532.o(.text)
    Adafruit_PN532::mifareclassic_WriteNDEFURI(unsigned char, unsigned char, const char*) 0x00000c0b   Thumb Code   500  adafruit_pn532.o(.text)
    Adafruit_PN532::mifareultralight_ReadPage(unsigned char, unsigned char*) 0x00000dff   Thumb Code    92  adafruit_pn532.o(.text)
    Adafruit_PN532::PrintHex(const unsigned char*, unsigned) 0x00000e5b   Thumb Code    76  adafruit_pn532.o(.text)
    loop()                                   0x00000ee9   Thumb Code   360  main.o(.text)
    $Super$$main                             0x00001051   Thumb Code   106  main.o(.text)
    __printf                                 0x00001325   Thumb Code   386  __printf_flags_ss_wp.o(.text)
    _scanf_int                               0x000014ad   Thumb Code   330  _scanf_int.o(.text)
    _do_fflush                               0x000015f9   Thumb Code    54  fflush.o(.text)
    fflush                                   0x0000162f   Thumb Code    46  fflush.o(.text)
    freopen                                  0x00001661   Thumb Code   148  fopen.o(.text)
    fopen                                    0x000016f5   Thumb Code    76  fopen.o(.text)
    _fclose_internal                         0x00001749   Thumb Code    72  fclose.o(.text)
    fclose                                   0x00001749   Thumb Code     0  fclose.o(.text)
    __aeabi_atexit                           0x00001795   Thumb Code    42  aeabi_atexit.o(.text)
    strlen                                   0x000017c1   Thumb Code    62  strlen.o(.text)
    strncmp                                  0x00001805   Thumb Code   154  strncmp.o(.text)
    __aeabi_memcpy                           0x000018a5   Thumb Code   130  rt_memcpy.o(.text)
    __rt_memcpy                              0x000018a5   Thumb Code     0  rt_memcpy.o(.text)
    _memset_w                                0x00001927   Thumb Code    26  rt_memclr.o(.text)
    _memset                                  0x00001941   Thumb Code    30  rt_memclr.o(.text)
    __aeabi_memclr                           0x0000195f   Thumb Code     4  rt_memclr.o(.text)
    __rt_memclr                              0x0000195f   Thumb Code     0  rt_memclr.o(.text)
    __aeabi_memclr4                          0x00001963   Thumb Code     0  rt_memclr.o(.text)
    __aeabi_memclr8                          0x00001963   Thumb Code     0  rt_memclr.o(.text)
    __rt_memclr_w                            0x00001963   Thumb Code     4  rt_memclr.o(.text)
    strcmp                                   0x00001969   Thumb Code   160  strcmpv6m.o(.text)
    __aeabi_uidiv                            0x00001a09   Thumb Code     0  aeabi_sdivfast.o(.text)
    __aeabi_uidivmod                         0x00001a09   Thumb Code    28  aeabi_sdivfast.o(.text)
    __aeabi_idiv                             0x00001a25   Thumb Code     0  aeabi_sdivfast.o(.text)
    __aeabi_idivmod                          0x00001a25   Thumb Code   460  aeabi_sdivfast.o(.text)
    __cpp_initialize__aeabi_                 0x00001bf1   Thumb Code    26  init_aeabi.o(.text)
    __aeabi_d2f                              0x00001c15   Thumb Code     0  d2f.o(.text)
    _d2f                                     0x00001c15   Thumb Code   120  d2f.o(.text)
    __aeabi_ddiv                             0x00001c91   Thumb Code     0  ddiv.o(.text)
    _ddiv                                    0x00001c91   Thumb Code  1072  ddiv.o(.text)
    _drdiv                                   0x000020c1   Thumb Code    20  ddiv.o(.text)
    __aeabi_i2d_normalise                    0x000020d9   Thumb Code    66  dflti.o(.text)
    __aeabi_i2d                              0x0000211b   Thumb Code    16  dflti.o(.text)
    _dflt                                    0x0000211b   Thumb Code     0  dflti.o(.text)
    __aeabi_ui2d                             0x0000212b   Thumb Code     6  dflti.o(.text)
    _dfltu                                   0x0000212b   Thumb Code     0  dflti.o(.text)
    __aeabi_dmul                             0x00002131   Thumb Code     0  dmul.o(.text)
    _dmul                                    0x00002131   Thumb Code   558  dmul.o(.text)
    __aeabi_f2iz                             0x00002379   Thumb Code     0  ffixi.o(.text)
    _ffix                                    0x00002379   Thumb Code    76  ffixi.o(.text)
    malloc                                   0x000023c5   Thumb Code    98  h1_alloc.o(.text)
    free                                     0x00002427   Thumb Code    76  h1_free.o(.text)
    _printf_pre_padding                      0x00002473   Thumb Code    44  _printf_pad.o(.text)
    _printf_post_padding                     0x0000249f   Thumb Code    34  _printf_pad.o(.text)
    _printf_truncate_signed                  0x000024c1   Thumb Code    18  _printf_truncate.o(.text)
    _printf_truncate_unsigned                0x000024d3   Thumb Code    18  _printf_truncate.o(.text)
    _printf_str                              0x000024e5   Thumb Code    82  _printf_str.o(.text)
    _printf_int_common                       0x00002537   Thumb Code   176  _printf_intcommon.o(.text)
    _printf_int_dec                          0x000025e9   Thumb Code    90  _printf_dec.o(.text)
    _printf_charcount                        0x00002655   Thumb Code    38  _printf_charcount.o(.text)
    _printf_char_common                      0x00002687   Thumb Code    32  _printf_char_common.o(.text)
    _sputc                                   0x000026ad   Thumb Code    10  _sputc.o(.text)
    _printf_char_file                        0x000026b9   Thumb Code    34  _printf_char_file.o(.text)
    _printf_wctomb                           0x000026e1   Thumb Code   182  _printf_wctomb.o(.text)
    _printf_longlong_dec                     0x0000279d   Thumb Code    94  _printf_longlong_dec.o(.text)
    _printf_longlong_oct                     0x0000280d   Thumb Code    68  _printf_oct_int_ll.o(.text)
    _printf_int_oct                          0x00002851   Thumb Code    24  _printf_oct_int_ll.o(.text)
    _printf_ll_oct                           0x00002869   Thumb Code    10  _printf_oct_int_ll.o(.text)
    _chval                                   0x0000287d   Thumb Code    30  _chval.o(.text)
    __vfscanf_char                           0x000028a9   Thumb Code    28  scanf_char.o(.text)
    _sgetc                                   0x000028cd   Thumb Code    32  _sgetc.o(.text)
    _sbackspace                              0x000028ed   Thumb Code    36  _sgetc.o(.text)
    __flsbuf                                 0x00002911   Thumb Code   486  flsbuf.o(.text)
    __flsbuf_byte                            0x00002911   Thumb Code     0  flsbuf.o(.text)
    __flsbuf_wide                            0x00002911   Thumb Code     0  flsbuf.o(.text)
    _fseek                                   0x00002b01   Thumb Code   240  fseek.o(.text)
    fseek                                    0x00002b01   Thumb Code     0  fseek.o(.text)
    setvbuf                                  0x00002bf5   Thumb Code    72  setvbuf.o(.text)
    _seterr                                  0x00002c41   Thumb Code    20  stdio.o(.text)
    _writebuf                                0x00002c55   Thumb Code    76  stdio.o(.text)
    _fflush                                  0x00002ca1   Thumb Code    76  stdio.o(.text)
    _deferredlazyseek                        0x00002ced   Thumb Code    60  stdio.o(.text)
    _initio                                  0x00002d31   Thumb Code   216  initio.o(.text)
    _terminateio                             0x00002e09   Thumb Code    56  initio.o(.text)
    __cxa_finalize                           0x00002e6d   Thumb Code    66  cxa_finalize.o(.text)
    __rt_SIGPVFN                             0x00002eaf   Thumb Code    12  defsig_pvfn_outer.o(.text)
    __rt_heap_descriptor                     0x00002ebd   Thumb Code     8  rt_heap_descriptor.o(.text)
    __use_no_heap                            0x00002ec5   Thumb Code     2  hguard.o(.text)
    __heap$guard                             0x00002ec7   Thumb Code     2  hguard.o(.text)
    _terminate_user_alloc                    0x00002ec9   Thumb Code     2  init_alloc.o(.text)
    _init_user_alloc                         0x00002ecb   Thumb Code     2  init_alloc.o(.text)
    __Heap_Full                              0x00002ecd   Thumb Code    32  init_alloc.o(.text)
    __Heap_Broken                            0x00002eed   Thumb Code    10  init_alloc.o(.text)
    _init_alloc                              0x00002ef7   Thumb Code    90  init_alloc.o(.text)
    __Heap_Initialize                        0x00002f51   Thumb Code    10  h1_init.o(.text)
    __Heap_DescSize                          0x00002f5b   Thumb Code     4  h1_init.o(.text)
    _ll_udiv10                               0x00002f5f   Thumb Code   122  lludiv10.o(.text)
    isspace                                  0x00002fd9   Thumb Code    18  isspace.o(.text)
    __lib_sel_fp_printf                      0x00002fed   Thumb Code     2  _printf_fp_dec.o(.text)
    _printf_fp_dec_real                      0x00003187   Thumb Code   620  _printf_fp_dec.o(.text)
    _printf_fp_hex_real                      0x00003401   Thumb Code   714  _printf_fp_hex.o(.text)
    _printf_cs_common                        0x000036d5   Thumb Code    22  _printf_char.o(.text)
    _printf_char                             0x000036eb   Thumb Code    16  _printf_char.o(.text)
    _printf_string                           0x000036fb   Thumb Code     8  _printf_char.o(.text)
    _printf_lcs_common                       0x00003703   Thumb Code    22  _printf_wchar.o(.text)
    _printf_wchar                            0x00003719   Thumb Code    16  _printf_wchar.o(.text)
    _printf_wstring                          0x00003729   Thumb Code     8  _printf_wchar.o(.text)
    __vfscanf                                0x00003731   Thumb Code   880  _scanf.o(.text)
    _ftell_internal                          0x00003ab1   Thumb Code    66  ftell.o(.text)
    ftell                                    0x00003ab1   Thumb Code     0  ftell.o(.text)
    _wcrtomb                                 0x00003af3   Thumb Code    64  _wcrtomb.o(.text)
    __sig_exit                               0x00003b33   Thumb Code    12  defsig_exit.o(.text)
    __rt_SIGRTRED                            0x00003b3f   Thumb Code    12  defsig_rtred_outer.o(.text)
    __rt_SIGPVFN_inner                       0x00003b4d   Thumb Code    14  defsig_pvfn_inner.o(.text)
    __rt_udiv10                              0x00003b7d   Thumb Code    40  rtudiv10.o(.text)
    _sys_exit                                0x00003ba5   Thumb Code     8  sys_exit.o(.text)
    __rt_ctype_table                         0x00003bb1   Thumb Code    16  rt_ctype_table.o(.text)
    __rt_locale                              0x00003bc1   Thumb Code     8  rt_locale.o(.text)
    __aeabi_errno_addr                       0x00003bc9   Thumb Code     8  rt_errno_addr.o(.text)
    __errno                                  0x00003bc9   Thumb Code     0  rt_errno_addr.o(.text)
    __rt_errno_addr                          0x00003bc9   Thumb Code     0  rt_errno_addr.o(.text)
    __Heap_ProvideMemory                     0x00003bd1   Thumb Code    52  h1_extend.o(.text)
    _printf_fp_infnan                        0x00003c05   Thumb Code   120  _printf_fp_infnan.o(.text)
    _btod_etento                             0x00003c8d   Thumb Code   196  bigflt0.o(.text)
    _btod_d2e                                0x00003d55   Thumb Code    64  btod.o(.text)
    _btod_emul                               0x0000414b   Thumb Code    24  btod.o(.text)
    _btod_emuld                              0x00004163   Thumb Code    60  btod.o(.text)
    _btod_ediv                               0x0000419f   Thumb Code    22  btod.o(.text)
    _btod_edivd                              0x000041b5   Thumb Code    60  btod.o(.text)
    __default_signal_display                 0x000041fd   Thumb Code    52  defsig_general.o(.text)
    __rt_SIGRTRED_inner                      0x00004231   Thumb Code    14  defsig_rtred_inner.o(.text)
    __rt_SIGRTMEM                            0x00004265   Thumb Code    12  defsig_rtmem_outer.o(.text)
    __rt_heap_escrow                         0x00004271   Thumb Code    24  heapauxa.o(.text)
    __rt_heap_expand                         0x00004289   Thumb Code    52  heapauxa.o(.text)
    _ttywrch                                 0x000042c1   Thumb Code    12  sys_wrch.o(.text)
    __I$use$semihosting                      0x000042cd   Thumb Code     0  use_no_semi.o(.text)
    __use_no_semihosting_swi                 0x000042cd   Thumb Code     2  use_no_semi.o(.text)
    __semihosting_library_function           0x000042cf   Thumb Code     0  indicate_semi.o(.text)
    __rt_SIGRTMEM_inner                      0x000042d1   Thumb Code    22  defsig_rtmem_inner.o(.text)
    main                                     0x00004321   Thumb Code    16  retarget.o(i.$Sub$$main)
    NMI_Handler                              0x00004339   Thumb Code    16  mbed_overrides.o(i.NMI_Handler)
    NVIC_SetVector                           0x00004349   Thumb Code    44  cmsis_nvic.o(i.NVIC_SetVector)
    SystemInit                               0x0000437d   Thumb Code   120  system_MKL25Z4.o(i.SystemInit)
    mbed::DigitalOut::write(int)             0x00004415   Thumb Code    58  adafruit_pn532.o(i._ZN4mbed10DigitalOut5writeEi)
    mbed::DigitalOut::DigitalOut(PinName)    0x00004455   Thumb Code    26  adafruit_pn532.o(i._ZN4mbed10DigitalOutC1E7PinName)
    mbed::DigitalOut::DigitalOut__sub_object(PinName) 0x00004455   Thumb Code     0  adafruit_pn532.o(i._ZN4mbed10DigitalOutC1E7PinName)
    mbed::DigitalOut::operator =(int)        0x0000446f   Thumb Code    18  adafruit_pn532.o(i._ZN4mbed10DigitalOutaSEi)
    mbed::FileHandle::flen()                 0x00004481   Thumb Code    58  retarget.o(i._ZN4mbed10FileHandle4flenEv)
    mbed::FileHandle::~FileHandle()          0x000044bd   Thumb Code     0  retarget.o(i._ZN4mbed10FileHandleD2Ev)
    mbed::FileHandle::~FileHandle__sub_object() 0x000044bd   Thumb Code    34  retarget.o(i._ZN4mbed10FileHandleD2Ev)
    mbed::SerialBase::_base_putc(int)        0x000044e9   Thumb Code    14  SerialBase.o(i._ZN4mbed10SerialBase10_base_putcEi)
    mbed::SerialBase::_irq_handler(unsigned, SerialIrq) 0x000044f7   Thumb Code    46  SerialBase.o(i._ZN4mbed10SerialBase12_irq_handlerEj9SerialIrq)
    mbed::SerialBase::SerialBase(PinName, PinName) 0x00004525   Thumb Code    62  SerialBase.o(i._ZN4mbed10SerialBaseC1E7PinNameS1_)
    mbed::SerialBase::SerialBase__sub_object(PinName, PinName) 0x00004525   Thumb Code     0  SerialBase.o(i._ZN4mbed10SerialBaseC1E7PinNameS1_)
    mbed::mbed_set_unbuffered_stream(std::__FILE*) 0x00004571   Thumb Code    10  retarget.o(i._ZN4mbed26mbed_set_unbuffered_streamEPSt6__FILE)
    mbed::Serial::Serial(PinName, PinName, const char*) 0x0000457d   Thumb Code    32  Serial.o(i._ZN4mbed6SerialC1E7PinNameS1_PKc)
    mbed::Serial::Serial__sub_object(PinName, PinName, const char*) 0x0000457d   Thumb Code     0  Serial.o(i._ZN4mbed6SerialC1E7PinNameS1_PKc)
    mbed::Serial::~Serial()                  0x000045a9   Thumb Code    12  Serial.o(i._ZN4mbed6SerialD1Ev)
    mbed::Serial::~Serial__sub_object()      0x000045a9   Thumb Code     0  Serial.o(i._ZN4mbed6SerialD1Ev)
    mbed::Stream::flen()                     0x000045b5   Thumb Code     4  Stream.o(i._ZN4mbed6Stream4flenEv)
    mbed::Stream::close()                    0x000045b9   Thumb Code     4  Stream.o(i._ZN4mbed6Stream5closeEv)
    mbed::Stream::lseek(long, int)           0x000045bd   Thumb Code     4  Stream.o(i._ZN4mbed6Stream5lseekEli)
    mbed::Stream::write(const void*, unsigned) 0x000045c1   Thumb Code    38  Stream.o(i._ZN4mbed6Stream5writeEPKvj)
    mbed::Stream::isatty()                   0x000045e7   Thumb Code     4  Stream.o(i._ZN4mbed6Stream6isattyEv)
    mbed::Stream::printf(const char*, ...)   0x000045eb   Thumb Code    32  Stream.o(i._ZN4mbed6Stream6printfEPKcz)
    mbed::Stream::Stream__sub_object(const char*) 0x0000460d   Thumb Code    52  Stream.o(i._ZN4mbed6StreamC2EPKc)
    mbed::Stream::~Stream()                  0x00004651   Thumb Code     0  Stream.o(i._ZN4mbed6StreamD2Ev)
    mbed::Stream::~Stream__sub_object()      0x00004651   Thumb Code    26  Stream.o(i._ZN4mbed6StreamD2Ev)
    mbed::FileBase::getPathType()            0x00004675   Thumb Code     4  FileBase.o(i._ZN4mbed8FileBase11getPathTypeEv)
    mbed::FileBase::lookup(const char*, unsigned) 0x00004679   Thumb Code    56  FileBase.o(i._ZN4mbed8FileBase6lookupEPKcj)
    mbed::FileBase::FileBase(const char*, mbed::PathType) 0x000046b5   Thumb Code    26  FileBase.o(i._ZN4mbed8FileBaseC1EPKcNS_8PathTypeE)
    mbed::FileBase::FileBase__sub_object(const char*, mbed::PathType) 0x000046b5   Thumb Code     0  FileBase.o(i._ZN4mbed8FileBaseC1EPKcNS_8PathTypeE)
    mbed::FileBase::~FileBase()              0x000046d9   Thumb Code    44  FileBase.o(i._ZN4mbed8FileBaseD1Ev)
    mbed::FileBase::~FileBase__sub_object()  0x000046d9   Thumb Code     0  FileBase.o(i._ZN4mbed8FileBaseD1Ev)
    mbed::FileLike::FileLike__sub_object(const char*) 0x0000470d   Thumb Code    24  FileLike.o(i._ZN4mbed8FileLikeC2EPKc)
    mbed::FileLike::~FileLike()              0x00004731   Thumb Code     0  FileLike.o(i._ZN4mbed8FileLikeD2Ev)
    mbed::FileLike::~FileLike__sub_object()  0x00004731   Thumb Code    16  FileLike.o(i._ZN4mbed8FileLikeD2Ev)
    mbed::FilePath::fileSystem()             0x00004741   Thumb Code    26  FilePath.o(i._ZN4mbed8FilePath10fileSystemEv)
    mbed::FilePath::file()                   0x0000475b   Thumb Code    32  FilePath.o(i._ZN4mbed8FilePath4fileEv)
    mbed::FilePath::exists()                 0x0000477b   Thumb Code    10  FilePath.o(i._ZN4mbed8FilePath6existsEv)
    mbed::FilePath::isFile()                 0x00004785   Thumb Code    24  FilePath.o(i._ZN4mbed8FilePath6isFileEv)
    mbed::FilePath::fileName()               0x0000479d   Thumb Code     4  FilePath.o(i._ZN4mbed8FilePath8fileNameEv)
    mbed::FilePath::FilePath(const char*)    0x000047a1   Thumb Code    68  FilePath.o(i._ZN4mbed8FilePathC1EPKc)
    mbed::FilePath::FilePath__sub_object(const char*) 0x000047a1   Thumb Code     0  FilePath.o(i._ZN4mbed8FilePathC1EPKc)
    thunk{-64} to mbed::Serial::_putc(int)   0x000047e5   Thumb Code    10  Serial.o(i._ZThn64_N4mbed6Serial5_putcEi)
    __ARM_common_ll_muluu                    0x000047ef   Thumb Code    48  btod.o(i.__ARM_common_ll_muluu)
    __ARM_fpclassify                         0x00004821   Thumb Code    40  fpclassify.o(i.__ARM_fpclassify)
    __aeabi_vec_ctor_nocookie_nodtor         0x0000484d   Thumb Code    34  aeabi_vec_ctor_nocookie_nodtor.o(i.__aeabi_vec_ctor_nocookie_nodtor)
    __cxa_pure_virtual                       0x0000486f   Thumb Code    10  pure_virt.o(i.__cxa_pure_virtual)
    __user_setup_stackheap                   0x00004879   Thumb Code    10  sys.o(i.__user_setup_stackheap)
    _is_digit                                0x00004889   Thumb Code    14  __printf_wp.o(i._is_digit)
    _sys_close                               0x00004899   Thumb Code    38  retarget.o(i._sys_close)
    _sys_flen                                0x000048c5   Thumb Code    34  retarget.o(i._sys_flen)
    _sys_istty                               0x000048ed   Thumb Code    34  retarget.o(i._sys_istty)
    _sys_open                                0x00004915   Thumb Code   290  retarget.o(i._sys_open)
    _sys_seek                                0x00004a55   Thumb Code    36  retarget.o(i._sys_seek)
    _sys_write                               0x00004a7d   Thumb Code    84  retarget.o(i._sys_write)
    error                                    0x00004add   Thumb Code    20  error.o(i.error)
    exit                                     0x00004af5   Thumb Code    36  retarget.o(i.exit)
    fputc                                    0x00004b21   Thumb Code    30  fputc.o(i.fputc)
    gpio_dir                                 0x00004b41   Thumb Code    54  gpio_api.o(i.gpio_dir)
    gpio_init                                0x00004b95   Thumb Code    56  gpio_api.o(i.gpio_init)
    gpio_init_in                             0x00004bd1   Thumb Code    34  gpio.o(i.gpio_init_in)
    gpio_init_out                            0x00004bf5   Thumb Code    56  gpio.o(i.gpio_init_out)
    gpio_init_out_ex                         0x00004c35   Thumb Code    66  gpio.o(i.gpio_init_out_ex)
    gpio_mode                                0x00004c95   Thumb Code    14  gpio_api.o(i.gpio_mode)
    mbed_assert_internal                     0x00004d05   Thumb Code    16  assert.o(i.mbed_assert_internal)
    mbed_die                                 0x00004d49   Thumb Code    78  board.o(i.mbed_die)
    mbed_interface_connected                 0x00004db9   Thumb Code     8  mbed_interface.o(i.mbed_interface_connected)
    mbed_main                                0x00004dc1   Thumb Code     2  retarget.o(i.mbed_main)
    mbed_sdk_init                            0x00004dc3   Thumb Code     2  retarget.o(i.mbed_sdk_init)
    pin_function                             0x00004dc5   Thumb Code    68  pinmap.o(i.pin_function)
    pin_mode                                 0x00004e29   Thumb Code    36  pinmap.o(i.pin_mode)
    pinmap_merge                             0x00004e69   Thumb Code    30  pinmap_common.o(i.pinmap_merge)
    pinmap_peripheral                        0x00004e9d   Thumb Code    60  pinmap_common.o(i.pinmap_peripheral)
    pinmap_pinout                            0x00004ef9   Thumb Code    62  pinmap_common.o(i.pinmap_pinout)
    semihost_connected                       0x00004f4d   Thumb Code     6  semihost_api.o(i.semihost_connected)
    semihost_exit                            0x00004f59   Thumb Code    12  semihost_api.o(i.semihost_exit)
    serial_baud                              0x00004f65   Thumb Code   352  serial_api.o(i.serial_baud)
    serial_format                            0x000050e5   Thumb Code   148  serial_api.o(i.serial_format)
    serial_init                              0x000051b9   Thumb Code   332  serial_api.o(i.serial_init)
    serial_irq_handler                       0x00005345   Thumb Code    14  serial_api.o(i.serial_irq_handler)
    serial_putc                              0x0000535d   Thumb Code    36  serial_api.o(i.serial_putc)
    ticker_irq_handler                       0x00005381   Thumb Code    74  ticker_api.o(i.ticker_irq_handler)
    us_ticker_clear_interrupt                0x000053cb   Thumb Code     2  us_ticker.o(i.us_ticker_clear_interrupt)
    us_ticker_disable_interrupt              0x000053cd   Thumb Code    12  us_ticker.o(i.us_ticker_disable_interrupt)
    us_ticker_init                           0x000053dd   Thumb Code   388  us_ticker.o(i.us_ticker_init)
    us_ticker_irq_handler                    0x00005599   Thumb Code    10  us_ticker_api.o(i.us_ticker_irq_handler)
    us_ticker_read                           0x000055a9   Thumb Code    22  us_ticker.o(i.us_ticker_read)
    us_ticker_set_interrupt                  0x000055c9   Thumb Code    98  us_ticker.o(i.us_ticker_set_interrupt)
    wait                                     0x0000563d   Thumb Code    32  wait_api.o(i.wait)
    wait_ms                                  0x00005661   Thumb Code    28  wait_api.o(i.wait_ms)
    _get_lc_numeric                          0x0000567d   Thumb Code    44  lc_numeric_c.o(locale$$code)
    _get_lc_ctype                            0x000056a9   Thumb Code    44  lc_ctype_c.o(locale$$code)
    __aeabi_fmul                             0x000056d5   Thumb Code     0  fmul.o(x$fpl$fmul)
    _fmul                                    0x000056d5   Thumb Code   172  fmul.o(x$fpl$fmul)
    _printf_fp_dec                           0x00005785   Thumb Code    16  printf1.o(x$fpl$printf1)
    _printf_fp_hex                           0x00005795   Thumb Code    16  printf2.o(x$fpl$printf2)
    __I$use$fp                               0x000057a4   Number         0  usenofp.o(x$fpl$usenofp)
    __stdin_name                             0x000057da   Data           7  retarget.o(.constdata)
    __stdout_name                            0x000057e1   Data           8  retarget.o(.constdata)
    __stderr_name                            0x000057e9   Data           8  retarget.o(.constdata)
    PinMap_UART_TX                           0x000057f4   Data         108  PeripheralPins.o(.constdata)
    PinMap_UART_RX                           0x00005860   Data         108  PeripheralPins.o(.constdata)
    vtable for mbed::FileHandle              0x00005a68   Data          44  retarget.o(.constdata__ZTVN4mbed10FileHandleE)
    vtable for mbed::SerialBase              0x00005a94   Data          16  SerialBase.o(.constdata__ZTVN4mbed10SerialBaseE)
    vtable for mbed::Serial                  0x00005aa4   Data          92  Serial.o(.constdata__ZTVN4mbed6SerialE)
    vtable for mbed::Stream                  0x00005b00   Data          68  Stream.o(.constdata__ZTVN4mbed6StreamE)
    vtable for mbed::FileBase                0x00005b44   Data          16  FileBase.o(.constdata__ZTVN4mbed8FileBaseE)
    vtable for mbed::FileLike                0x00005b54   Data          60  FileLike.o(.constdata__ZTVN4mbed8FileLikeE)
    Region$$Table$$Base                      0x00005d94   Number         0  anon$$obj.o(Region$$Table)
    Region$$Table$$Limit                     0x00005db4   Number         0  anon$$obj.o(Region$$Table)
    __ctype                                  0x00005ddd   Data           0  lc_ctype_c.o(locale$$data)
    SHT$$INIT_ARRAY$$Base                    0x00005ee0   Number         0  adafruit_pn532.o(.init_array)
    SHT$$INIT_ARRAY$$Limit                   0x00005ee8   Number         0  init_aeabi.o(.init_array)
    pn532ack                                 0x1ffff0c0   Data           6  adafruit_pn532.o(.data)
    pn532response_firmwarevers               0x1ffff0c6   Data           6  adafruit_pn532.o(.data)
    SystemCoreClock                          0x1ffff0cc   Data           4  system_MKL25Z4.o(.data)
    stdio_uart_inited                        0x1ffff0d0   Data           4  serial_api.o(.data)
    stdio_uart                               0x1ffff0d8   Data           8  serial_api.o(.data)
    mbed::FileBase::_head                    0x1ffff0f0   Data           4  FileBase.o(.data)
    __aeabi_stdin                            0x1ffff0fc   Data           4  stdio_streams.o(.data)
    __aeabi_stdout                           0x1ffff100   Data           4  stdio_streams.o(.data)
    __aeabi_stderr                           0x1ffff104   Data           4  stdio_streams.o(.data)
    serial                                   0x1ffff10c   Data          88  adafruit_pn532.o(.bss)
    pn532_packetbuffer                       0x1ffff164   Data          64  adafruit_pn532.o(.bss)
    red                                      0x1ffff1a4   Data          24  main.o(.bss)
    green                                    0x1ffff1bc   Data          24  main.o(.bss)
    blue                                     0x1ffff1d4   Data          24  main.o(.bss)
    pc                                       0x1ffff1ec   Data          88  main.o(.bss)
    nfc                                      0x1ffff244   Data         112  main.o(.bss)
    __stdin                                  0x1ffff300   Data          84  stdio_streams.o(.bss)
    __stdout                                 0x1ffff354   Data          84  stdio_streams.o(.bss)
    __stderr                                 0x1ffff3a8   Data          84  stdio_streams.o(.bss)
    Image$$RW_IRAM1$$ZI$$Limit               0x1ffff41c   Number         0  anon$$obj.o ABSOLUTE



==============================================================================

Memory Map of the image

  Image Entry point : 0x000000c1

  Load Region LR_IROM1 (Base: 0x00000000, Size: 0x00005f34, Max: 0x00020000, ABSOLUTE)

    Execution Region ER_IROM1 (Base: 0x00000000, Size: 0x00005ee8, Max: 0x00020000, ABSOLUTE)

    Base Addr    Size         Type   Attr      Idx    E Section Name        Object

    0x00000000   0x000000c0   Data   RO          517    RESET               startup_MKL25Z4.o
    0x000000c0   0x00000008   Code   RO         1162  * !!!main             c_p.l(__main.o)
    0x000000c8   0x0000003c   Code   RO         1933    !!!scatter          c_p.l(__scatter.o)
    0x00000104   0x0000001a   Code   RO         1935    !!handler_copy      c_p.l(__scatter_copy.o)
    0x0000011e   0x00000002   PAD
    0x00000120   0x0000001c   Code   RO         1937    !!handler_zi        c_p.l(__scatter_zi.o)
    0x0000013c   0x00000002   Code   RO         1095    .ARM.Collect$$_printf_percent$$00000000  c_p.l(_printf_percent.o)
    0x0000013e   0x0000000a   Code   RO         1412    .ARM.Collect$$_printf_percent$$00000001  c_p.l(_printf_n.o)
    0x00000148   0x0000000a   Code   RO         1094    .ARM.Collect$$_printf_percent$$00000002  c_p.l(_printf_p.o)
    0x00000152   0x0000000a   Code   RO         1418    .ARM.Collect$$_printf_percent$$00000003  c_p.l(_printf_f.o)
    0x0000015c   0x0000000a   Code   RO         1419    .ARM.Collect$$_printf_percent$$00000004  c_p.l(_printf_e.o)
    0x00000166   0x0000000a   Code   RO         1420    .ARM.Collect$$_printf_percent$$00000005  c_p.l(_printf_g.o)
    0x00000170   0x0000000a   Code   RO         1421    .ARM.Collect$$_printf_percent$$00000006  c_p.l(_printf_a.o)
    0x0000017a   0x0000000a   Code   RO         1426    .ARM.Collect$$_printf_percent$$00000007  c_p.l(_printf_ll.o)
    0x00000184   0x0000000a   Code   RO         1415    .ARM.Collect$$_printf_percent$$00000008  c_p.l(_printf_i.o)
    0x0000018e   0x0000000a   Code   RO         1416    .ARM.Collect$$_printf_percent$$00000009  c_p.l(_printf_d.o)
    0x00000198   0x0000000a   Code   RO         1417    .ARM.Collect$$_printf_percent$$0000000A  c_p.l(_printf_u.o)
    0x000001a2   0x0000000a   Code   RO         1414    .ARM.Collect$$_printf_percent$$0000000B  c_p.l(_printf_o.o)
    0x000001ac   0x0000000a   Code   RO         1413    .ARM.Collect$$_printf_percent$$0000000C  c_p.l(_printf_x.o)
    0x000001b6   0x0000000a   Code   RO         1423    .ARM.Collect$$_printf_percent$$0000000D  c_p.l(_printf_lli.o)
    0x000001c0   0x0000000a   Code   RO         1424    .ARM.Collect$$_printf_percent$$0000000E  c_p.l(_printf_lld.o)
    0x000001ca   0x0000000a   Code   RO         1425    .ARM.Collect$$_printf_percent$$0000000F  c_p.l(_printf_llu.o)
    0x000001d4   0x0000000a   Code   RO         1430    .ARM.Collect$$_printf_percent$$00000010  c_p.l(_printf_llo.o)
    0x000001de   0x0000000a   Code   RO         1431    .ARM.Collect$$_printf_percent$$00000011  c_p.l(_printf_llx.o)
    0x000001e8   0x0000000a   Code   RO         1427    .ARM.Collect$$_printf_percent$$00000012  c_p.l(_printf_l.o)
    0x000001f2   0x0000000a   Code   RO         1410    .ARM.Collect$$_printf_percent$$00000013  c_p.l(_printf_c.o)
    0x000001fc   0x0000000a   Code   RO         1411    .ARM.Collect$$_printf_percent$$00000014  c_p.l(_printf_s.o)
    0x00000206   0x0000000a   Code   RO         1428    .ARM.Collect$$_printf_percent$$00000015  c_p.l(_printf_lc.o)
    0x00000210   0x0000000a   Code   RO         1429    .ARM.Collect$$_printf_percent$$00000016  c_p.l(_printf_ls.o)
    0x0000021a   0x00000004   Code   RO         1422    .ARM.Collect$$_printf_percent$$00000017  c_p.l(_printf_percent_end.o)
    0x0000021e   0x00000002   Code   RO         1808    .ARM.Collect$$libinit$$00000000  c_p.l(libinit.o)
    0x00000220   0x00000000   Code   RO         1479    .ARM.Collect$$libinit$$00000002  c_p.l(libinit2.o)
    0x00000220   0x00000000   Code   RO         1481    .ARM.Collect$$libinit$$00000004  c_p.l(libinit2.o)
    0x00000220   0x00000008   Code   RO         1482    .ARM.Collect$$libinit$$00000005  c_p.l(libinit2.o)
    0x00000228   0x00000000   Code   RO         1484    .ARM.Collect$$libinit$$0000000A  c_p.l(libinit2.o)
    0x00000228   0x00000000   Code   RO         1486    .ARM.Collect$$libinit$$0000000C  c_p.l(libinit2.o)
    0x00000228   0x00000000   Code   RO         1488    .ARM.Collect$$libinit$$0000000E  c_p.l(libinit2.o)
    0x00000228   0x00000006   Code   RO         1489    .ARM.Collect$$libinit$$0000000F  c_p.l(libinit2.o)
    0x0000022e   0x00000000   Code   RO         1491    .ARM.Collect$$libinit$$00000011  c_p.l(libinit2.o)
    0x0000022e   0x0000000c   Code   RO         1492    .ARM.Collect$$libinit$$00000012  c_p.l(libinit2.o)
    0x0000023a   0x00000000   Code   RO         1493    .ARM.Collect$$libinit$$00000013  c_p.l(libinit2.o)
    0x0000023a   0x00000000   Code   RO         1495    .ARM.Collect$$libinit$$00000015  c_p.l(libinit2.o)
    0x0000023a   0x0000000a   Code   RO         1496    .ARM.Collect$$libinit$$00000016  c_p.l(libinit2.o)
    0x00000244   0x00000000   Code   RO         1497    .ARM.Collect$$libinit$$00000017  c_p.l(libinit2.o)
    0x00000244   0x00000000   Code   RO         1499    .ARM.Collect$$libinit$$00000019  c_p.l(libinit2.o)
    0x00000244   0x00000000   Code   RO         1501    .ARM.Collect$$libinit$$0000001B  c_p.l(libinit2.o)
    0x00000244   0x00000000   Code   RO         1503    .ARM.Collect$$libinit$$0000001D  c_p.l(libinit2.o)
    0x00000244   0x00000000   Code   RO         1505    .ARM.Collect$$libinit$$0000001F  c_p.l(libinit2.o)
    0x00000244   0x00000000   Code   RO         1507    .ARM.Collect$$libinit$$00000021  c_p.l(libinit2.o)
    0x00000244   0x00000000   Code   RO         1509    .ARM.Collect$$libinit$$00000023  c_p.l(libinit2.o)
    0x00000244   0x00000004   Code   RO         1510    .ARM.Collect$$libinit$$00000024  c_p.l(libinit2.o)
    0x00000248   0x00000000   Code   RO         1511    .ARM.Collect$$libinit$$00000025  c_p.l(libinit2.o)
    0x00000248   0x00000000   Code   RO         1515    .ARM.Collect$$libinit$$0000002C  c_p.l(libinit2.o)
    0x00000248   0x00000000   Code   RO         1517    .ARM.Collect$$libinit$$0000002E  c_p.l(libinit2.o)
    0x00000248   0x00000000   Code   RO         1519    .ARM.Collect$$libinit$$00000030  c_p.l(libinit2.o)
    0x00000248   0x00000004   Code   RO         1520    .ARM.Collect$$libinit$$00000031  c_p.l(libinit2.o)
    0x0000024c   0x00000000   Code   RO         1521    .ARM.Collect$$libinit$$00000032  c_p.l(libinit2.o)
    0x0000024c   0x00000002   Code   RO         1522    .ARM.Collect$$libinit$$00000033  c_p.l(libinit2.o)
    0x0000024e   0x00000000   Code   RO         1691    .ARM.Collect$$libshutdown$$00000002  c_p.l(libshutdown2.o)
    0x0000024e   0x00000000   Code   RO         1693    .ARM.Collect$$libshutdown$$00000004  c_p.l(libshutdown2.o)
    0x0000024e   0x00000000   Code   RO         1304    .ARM.Collect$$rtentry$$00000000  c_p.l(__rtentry.o)
    0x0000024e   0x00000000   Code   RO         1574    .ARM.Collect$$rtentry$$00000002  c_p.l(__rtentry2.o)
    0x0000024e   0x00000006   Code   RO         1586    .ARM.Collect$$rtentry$$00000004  c_p.l(__rtentry4.o)
    0x00000254   0x00000000   Code   RO         1576    .ARM.Collect$$rtentry$$00000009  c_p.l(__rtentry2.o)
    0x00000254   0x00000004   Code   RO         1577    .ARM.Collect$$rtentry$$0000000A  c_p.l(__rtentry2.o)
    0x00000258   0x00000000   Code   RO         1579    .ARM.Collect$$rtentry$$0000000C  c_p.l(__rtentry2.o)
    0x00000258   0x00000008   Code   RO         1580    .ARM.Collect$$rtentry$$0000000D  c_p.l(__rtentry2.o)
    0x00000260   0x00000038   Code   RO         1148    .emb_text           c_p.l(rt_memcpy.o)
    0x00000298   0x00000000   Code   RO         1758    .emb_text           c_p.l(maybetermalloc1.o)
    0x00000298   0x0000001c   Code   RO          519    .text               startup_MKL25Z4.o
    0x000002b4   0x0000000e   Code   RO         1043    .text               c_p.l(vfprintf.o)
    0x000002c2   0x0000000e   Code   RO         1045    .text               c_p.l(c89vfprintf.o)
    0x000002d0   0x0000002c   Code   RO         1047    .text               c_p.l(__2sprintf.o)
    0x000002fc   0x00000098   Code   RO         1071    .text               c_p.l(_printf_hex_int_ll_ptr.o)
    0x00000394   0x00000040   Code   RO         1098    .text               c_p.l(__0sscanf.o)
    0x000003d4   0x0000001a   Code   RO         1118    .text               c_p.l(setbuf.o)
    0x000003ee   0x00000002   PAD
    0x000003f0   0x00000008   Code   RO         1314    .text               c_p.l(rt_ddtor_pointer_addr.o)
    0x000003f8   0x00000008   Code   RO         1450    .text               c_p.l(ferror.o)
    0x00000400   0x00000010   Code   RO          518    .ARM.__at_0x400     startup_MKL25Z4.o
    0x00000410   0x00000ad8   Code   RO            3    .text               adafruit_pn532.o
    0x00000ee8   0x0000043c   Code   RO          335    .text               main.o
    0x00001324   0x00000188   Code   RO         1091    .text               c_p.l(__printf_flags_ss_wp.o)
    0x000014ac   0x0000014a   Code   RO         1100    .text               c_p.l(_scanf_int.o)
    0x000015f6   0x00000002   PAD
    0x000015f8   0x00000068   Code   RO         1102    .text               c_p.l(fflush.o)
    0x00001660   0x000000e8   Code   RO         1116    .text               c_p.l(fopen.o)
    0x00001748   0x0000004c   Code   RO         1126    .text               c_p.l(fclose.o)
    0x00001794   0x0000002a   Code   RO         1141    .text               c_p.l(aeabi_atexit.o)
    0x000017be   0x00000002   PAD
    0x000017c0   0x00000044   Code   RO         1144    .text               c_p.l(strlen.o)
    0x00001804   0x000000a0   Code   RO         1146    .text               c_p.l(strncmp.o)
    0x000018a4   0x00000082   Code   RO         1149    .text               c_p.l(rt_memcpy.o)
    0x00001926   0x00000040   Code   RO         1152    .text               c_p.l(rt_memclr.o)
    0x00001966   0x00000002   PAD
    0x00001968   0x000000a0   Code   RO         1156    .text               c_p.l(strcmpv6m.o)
    0x00001a08   0x000001e8   Code   RO         1158    .text               c_p.l(aeabi_sdivfast.o)
    0x00001bf0   0x00000024   Code   RO         1167    .text               c_p.l(init_aeabi.o)
    0x00001c14   0x0000007c   Code   RO         1289    .text               fz_ps.l(d2f.o)
    0x00001c90   0x00000448   Code   RO         1291    .text               fz_ps.l(ddiv.o)
    0x000020d8   0x00000058   Code   RO         1294    .text               fz_ps.l(dflti.o)
    0x00002130   0x00000248   Code   RO         1296    .text               fz_ps.l(dmul.o)
    0x00002378   0x0000004c   Code   RO         1298    .text               fz_ps.l(ffixi.o)
    0x000023c4   0x00000062   Code   RO         1323    .text               c_p.l(h1_alloc.o)
    0x00002426   0x0000004c   Code   RO         1325    .text               c_p.l(h1_free.o)
    0x00002472   0x0000004e   Code   RO         1381    .text               c_p.l(_printf_pad.o)
    0x000024c0   0x00000024   Code   RO         1383    .text               c_p.l(_printf_truncate.o)
    0x000024e4   0x00000052   Code   RO         1385    .text               c_p.l(_printf_str.o)
    0x00002536   0x000000b0   Code   RO         1387    .text               c_p.l(_printf_intcommon.o)
    0x000025e6   0x00000002   PAD
    0x000025e8   0x0000006c   Code   RO         1389    .text               c_p.l(_printf_dec.o)
    0x00002654   0x00000026   Code   RO         1391    .text               c_p.l(_printf_charcount.o)
    0x0000267a   0x00000002   PAD
    0x0000267c   0x00000030   Code   RO         1393    .text               c_p.l(_printf_char_common.o)
    0x000026ac   0x0000000a   Code   RO         1395    .text               c_p.l(_sputc.o)
    0x000026b6   0x00000002   PAD
    0x000026b8   0x00000028   Code   RO         1397    .text               c_p.l(_printf_char_file.o)
    0x000026e0   0x000000bc   Code   RO         1399    .text               c_p.l(_printf_wctomb.o)
    0x0000279c   0x00000070   Code   RO         1402    .text               c_p.l(_printf_longlong_dec.o)
    0x0000280c   0x00000070   Code   RO         1408    .text               c_p.l(_printf_oct_int_ll.o)
    0x0000287c   0x0000001e   Code   RO         1432    .text               c_p.l(_chval.o)
    0x0000289a   0x00000002   PAD
    0x0000289c   0x00000030   Code   RO         1438    .text               c_p.l(scanf_char.o)
    0x000028cc   0x00000044   Code   RO         1440    .text               c_p.l(_sgetc.o)
    0x00002910   0x000001f0   Code   RO         1454    .text               c_p.l(flsbuf.o)
    0x00002b00   0x000000f4   Code   RO         1456    .text               c_p.l(fseek.o)
    0x00002bf4   0x0000004c   Code   RO         1458    .text               c_p.l(setvbuf.o)
    0x00002c40   0x000000f0   Code   RO         1460    .text               c_p.l(stdio.o)
    0x00002d30   0x0000013c   Code   RO         1463    .text               c_p.l(initio.o)
    0x00002e6c   0x00000042   Code   RO         1471    .text               c_p.l(cxa_finalize.o)
    0x00002eae   0x0000000c   Code   RO         1474    .text               c_p.l(defsig_pvfn_outer.o)
    0x00002eba   0x00000002   PAD
    0x00002ebc   0x00000008   Code   RO         1592    .text               c_p.l(rt_heap_descriptor.o)
    0x00002ec4   0x00000004   Code   RO         1597    .text               c_p.l(hguard.o)
    0x00002ec8   0x00000088   Code   RO         1599    .text               c_p.l(init_alloc.o)
    0x00002f50   0x0000000e   Code   RO         1603    .text               c_p.l(h1_init.o)
    0x00002f5e   0x0000007a   Code   RO         1619    .text               c_p.l(lludiv10.o)
    0x00002fd8   0x00000012   Code   RO         1621    .text               c_p.l(isspace.o)
    0x00002fea   0x00000002   PAD
    0x00002fec   0x00000414   Code   RO         1623    .text               c_p.l(_printf_fp_dec.o)
    0x00003400   0x000002d4   Code   RO         1625    .text               c_p.l(_printf_fp_hex.o)
    0x000036d4   0x0000002e   Code   RO         1630    .text               c_p.l(_printf_char.o)
    0x00003702   0x0000002e   Code   RO         1634    .text               c_p.l(_printf_wchar.o)
    0x00003730   0x00000380   Code   RO         1636    .text               c_p.l(_scanf.o)
    0x00003ab0   0x00000042   Code   RO         1646    .text               c_p.l(ftell.o)
    0x00003af2   0x00000040   Code   RO         1672    .text               c_p.l(_wcrtomb.o)
    0x00003b32   0x0000000c   Code   RO         1674    .text               c_p.l(defsig_exit.o)
    0x00003b3e   0x0000000c   Code   RO         1676    .text               c_p.l(defsig_rtred_outer.o)
    0x00003b4a   0x00000002   PAD
    0x00003b4c   0x00000030   Code   RO         1680    .text               c_p.l(defsig_pvfn_inner.o)
    0x00003b7c   0x00000028   Code   RO         1684    .text               c_p.l(rtudiv10.o)
    0x00003ba4   0x0000000c   Code   RO         1737    .text               c_p.l(sys_exit.o)
    0x00003bb0   0x00000010   Code   RO         1739    .text               c_p.l(rt_ctype_table.o)
    0x00003bc0   0x00000008   Code   RO         1741    .text               c_p.l(rt_locale.o)
    0x00003bc8   0x00000008   Code   RO         1751    .text               c_p.l(rt_errno_addr.o)
    0x00003bd0   0x00000034   Code   RO         1760    .text               c_p.l(h1_extend.o)
    0x00003c04   0x00000088   Code   RO         1764    .text               c_p.l(_printf_fp_infnan.o)
    0x00003c8c   0x000000c8   Code   RO         1766    .text               c_p.l(bigflt0.o)
    0x00003d54   0x000004a8   Code   RO         1769    .text               c_p.l(btod.o)
    0x000041fc   0x00000034   Code   RO         1782    .text               c_p.l(defsig_general.o)
    0x00004230   0x00000034   Code   RO         1788    .text               c_p.l(defsig_rtred_inner.o)
    0x00004264   0x0000000c   Code   RO         1790    .text               c_p.l(defsig_rtmem_outer.o)
    0x00004270   0x00000050   Code   RO         1794    .text               c_p.l(heapauxa.o)
    0x000042c0   0x0000000c   Code   RO         1841    .text               c_p.l(sys_wrch.o)
    0x000042cc   0x00000002   Code   RO         1843    .text               c_p.l(use_no_semi.o)
    0x000042ce   0x00000000   Code   RO         1845    .text               c_p.l(indicate_semi.o)
    0x000042ce   0x00000002   PAD
    0x000042d0   0x00000050   Code   RO         1865    .text               c_p.l(defsig_rtmem_inner.o)
    0x00004320   0x00000010   Code   RO          401    i.$Sub$$main        retarget.o
    0x00004330   0x00000008   Code   RO          949    i.<Func1>           mbed.ar(SerialBase.o)
    0x00004338   0x00000010   Code   RO          395    i.NMI_Handler       mbed_overrides.o
    0x00004348   0x00000034   Code   RO          328    i.NVIC_SetVector    cmsis_nvic.o
    0x0000437c   0x00000098   Code   RO          527    i.SystemInit        system_MKL25Z4.o
    0x00004414   0x00000040   Code   RO           40    i._ZN4mbed10DigitalOut5writeEi  adafruit_pn532.o
    0x00004454   0x0000001a   Code   RO           25    i._ZN4mbed10DigitalOutC1E7PinName  adafruit_pn532.o
    0x0000446e   0x00000012   Code   RO           31    i._ZN4mbed10DigitalOutaSEi  adafruit_pn532.o
    0x00004480   0x0000003a   Code   RO          511    i._ZN4mbed10FileHandle4flenEv  retarget.o
    0x000044ba   0x00000002   PAD
    0x000044bc   0x0000002c   Code   RO          403    i._ZN4mbed10FileHandleD2Ev  retarget.o
    0x000044e8   0x0000000e   Code   RO          951    i._ZN4mbed10SerialBase10_base_putcEi  mbed.ar(SerialBase.o)
    0x000044f6   0x0000002e   Code   RO          953    i._ZN4mbed10SerialBase12_irq_handlerEj9SerialIrq  mbed.ar(SerialBase.o)
    0x00004524   0x0000004c   Code   RO          959    i._ZN4mbed10SerialBaseC1E7PinNameS1_  mbed.ar(SerialBase.o)
    0x00004570   0x0000000a   Code   RO          404    i._ZN4mbed26mbed_set_unbuffered_streamEPSt6__FILE  retarget.o
    0x0000457a   0x00000002   PAD
    0x0000457c   0x0000002c   Code   RO          663    i._ZN4mbed6SerialC1E7PinNameS1_PKc  mbed.ar(Serial.o)
    0x000045a8   0x0000000c   Code   RO          681    i._ZN4mbed6SerialD1Ev  mbed.ar(Serial.o)
    0x000045b4   0x00000004   Code   RO          705    i._ZN4mbed6Stream4flenEv  mbed.ar(Stream.o)
    0x000045b8   0x00000004   Code   RO          711    i._ZN4mbed6Stream5closeEv  mbed.ar(Stream.o)
    0x000045bc   0x00000004   Code   RO          713    i._ZN4mbed6Stream5lseekEli  mbed.ar(Stream.o)
    0x000045c0   0x00000026   Code   RO          715    i._ZN4mbed6Stream5writeEPKvj  mbed.ar(Stream.o)
    0x000045e6   0x00000004   Code   RO          716    i._ZN4mbed6Stream6isattyEv  mbed.ar(Stream.o)
    0x000045ea   0x00000020   Code   RO          717    i._ZN4mbed6Stream6printfEPKcz  mbed.ar(Stream.o)
    0x0000460a   0x00000002   PAD
    0x0000460c   0x00000044   Code   RO          720    i._ZN4mbed6StreamC2EPKc  mbed.ar(Stream.o)
    0x00004650   0x00000024   Code   RO          722    i._ZN4mbed6StreamD2Ev  mbed.ar(Stream.o)
    0x00004674   0x00000004   Code   RO          919    i._ZN4mbed8FileBase11getPathTypeEv  mbed.ar(FileBase.o)
    0x00004678   0x0000003c   Code   RO          921    i._ZN4mbed8FileBase6lookupEPKcj  mbed.ar(FileBase.o)
    0x000046b4   0x00000024   Code   RO          923    i._ZN4mbed8FileBaseC1EPKcNS_8PathTypeE  mbed.ar(FileBase.o)
    0x000046d8   0x00000034   Code   RO          925    i._ZN4mbed8FileBaseD1Ev  mbed.ar(FileBase.o)
    0x0000470c   0x00000024   Code   RO          896    i._ZN4mbed8FileLikeC2EPKc  mbed.ar(FileLike.o)
    0x00004730   0x00000010   Code   RO          898    i._ZN4mbed8FileLikeD2Ev  mbed.ar(FileLike.o)
    0x00004740   0x0000001a   Code   RO          576    i._ZN4mbed8FilePath10fileSystemEv  mbed.ar(FilePath.o)
    0x0000475a   0x00000020   Code   RO          578    i._ZN4mbed8FilePath4fileEv  mbed.ar(FilePath.o)
    0x0000477a   0x0000000a   Code   RO          579    i._ZN4mbed8FilePath6existsEv  mbed.ar(FilePath.o)
    0x00004784   0x00000018   Code   RO          580    i._ZN4mbed8FilePath6isFileEv  mbed.ar(FilePath.o)
    0x0000479c   0x00000004   Code   RO          581    i._ZN4mbed8FilePath8fileNameEv  mbed.ar(FilePath.o)
    0x000047a0   0x00000044   Code   RO          582    i._ZN4mbed8FilePathC1EPKc  mbed.ar(FilePath.o)
    0x000047e4   0x0000000a   Code   RO          665    i._ZThn64_N4mbed6Serial5_putcEi  mbed.ar(Serial.o)
    0x000047ee   0x00000030   Code   RO         1771    i.__ARM_common_ll_muluu  c_p.l(btod.o)
    0x0000481e   0x00000002   PAD
    0x00004820   0x0000002c   Code   RO         1833    i.__ARM_fpclassify  m_ps.l(fpclassify.o)
    0x0000484c   0x00000022   Code   RO         1286    i.__aeabi_vec_ctor_nocookie_nodtor  cpprt_p.l(aeabi_vec_ctor_nocookie_nodtor.o)
    0x0000486e   0x0000000a   Code   RO         1177    i.__cxa_pure_virtual  cpprt_p.l(pure_virt.o)
    0x00004878   0x00000010   Code   RO          521    i.__user_setup_stackheap  sys.o
    0x00004888   0x0000000e   Code   RO         1084    i._is_digit         c_p.l(__printf_wp.o)
    0x00004896   0x00000002   PAD
    0x00004898   0x0000002c   Code   RO          407    i._sys_close        retarget.o
    0x000048c4   0x00000028   Code   RO          410    i._sys_flen         retarget.o
    0x000048ec   0x00000028   Code   RO          411    i._sys_istty        retarget.o
    0x00004914   0x00000140   Code   RO          412    i._sys_open         retarget.o
    0x00004a54   0x00000028   Code   RO          414    i._sys_seek         retarget.o
    0x00004a7c   0x00000060   Code   RO          415    i._sys_write        retarget.o
    0x00004adc   0x00000018   Code   RO          994    i.error             mbed.ar(error.o)
    0x00004af4   0x0000002c   Code   RO          417    i.exit              retarget.o
    0x00004b20   0x0000001e   Code   RO         1111    i.fputc             c_p.l(fputc.o)
    0x00004b3e   0x00000002   PAD
    0x00004b40   0x00000054   Code   RO          857    i.gpio_dir          mbed.ar(gpio_api.o)
    0x00004b94   0x0000003c   Code   RO          858    i.gpio_init         mbed.ar(gpio_api.o)
    0x00004bd0   0x00000022   Code   RO          777    i.gpio_init_in      mbed.ar(gpio.o)
    0x00004bf2   0x00000002   PAD
    0x00004bf4   0x00000040   Code   RO          780    i.gpio_init_out     mbed.ar(gpio.o)
    0x00004c34   0x00000060   Code   RO          781    i.gpio_init_out_ex  mbed.ar(gpio.o)
    0x00004c94   0x0000000e   Code   RO          859    i.gpio_mode         mbed.ar(gpio_api.o)
    0x00004ca2   0x00000002   PAD
    0x00004ca4   0x00000060   Code   RO          879    i.lptmr_isr         mbed.ar(us_ticker.o)
    0x00004d04   0x00000044   Code   RO          773    i.mbed_assert_internal  mbed.ar(assert.o)
    0x00004d48   0x00000070   Code   RO          320    i.mbed_die          board.o
    0x00004db8   0x00000008   Code   RO          792    i.mbed_interface_connected  mbed.ar(mbed_interface.o)
    0x00004dc0   0x00000002   Code   RO          418    i.mbed_main         retarget.o
    0x00004dc2   0x00000002   Code   RO          419    i.mbed_sdk_init     retarget.o
    0x00004dc4   0x00000064   Code   RO          870    i.pin_function      mbed.ar(pinmap.o)
    0x00004e28   0x00000040   Code   RO          871    i.pin_mode          mbed.ar(pinmap.o)
    0x00004e68   0x00000034   Code   RO         1003    i.pinmap_merge      mbed.ar(pinmap_common.o)
    0x00004e9c   0x0000005c   Code   RO         1004    i.pinmap_peripheral  mbed.ar(pinmap_common.o)
    0x00004ef8   0x00000054   Code   RO         1005    i.pinmap_pinout     mbed.ar(pinmap_common.o)
    0x00004f4c   0x0000000c   Code   RO          812    i.semihost_connected  mbed.ar(semihost_api.o)
    0x00004f58   0x0000000c   Code   RO          814    i.semihost_exit     mbed.ar(semihost_api.o)
    0x00004f64   0x00000180   Code   RO          535    i.serial_baud       mbed.ar(serial_api.o)
    0x000050e4   0x000000d4   Code   RO          539    i.serial_format     mbed.ar(serial_api.o)
    0x000051b8   0x0000018c   Code   RO          542    i.serial_init       mbed.ar(serial_api.o)
    0x00005344   0x00000018   Code   RO          543    i.serial_irq_handler  mbed.ar(serial_api.o)
    0x0000535c   0x00000024   Code   RO          546    i.serial_putc       mbed.ar(serial_api.o)
    0x00005380   0x0000004a   Code   RO         1029    i.ticker_irq_handler  mbed.ar(ticker_api.o)
    0x000053ca   0x00000002   Code   RO          880    i.us_ticker_clear_interrupt  mbed.ar(us_ticker.o)
    0x000053cc   0x00000010   Code   RO          881    i.us_ticker_disable_interrupt  mbed.ar(us_ticker.o)
    0x000053dc   0x000001bc   Code   RO          882    i.us_ticker_init    mbed.ar(us_ticker.o)
    0x00005598   0x00000010   Code   RO         1017    i.us_ticker_irq_handler  mbed.ar(us_ticker_api.o)
    0x000055a8   0x00000020   Code   RO          883    i.us_ticker_read    mbed.ar(us_ticker.o)
    0x000055c8   0x00000074   Code   RO          884    i.us_ticker_set_interrupt  mbed.ar(us_ticker.o)
    0x0000563c   0x00000024   Code   RO          831    i.wait              mbed.ar(wait_api.o)
    0x00005660   0x0000001c   Code   RO          832    i.wait_ms           mbed.ar(wait_api.o)
    0x0000567c   0x0000002c   Code   RO         1776    locale$$code        c_p.l(lc_numeric_c.o)
    0x000056a8   0x0000002c   Code   RO         1855    locale$$code        c_p.l(lc_ctype_c.o)
    0x000056d4   0x000000b0   Code   RO         1300    x$fpl$fmul          fz_ps.l(fmul.o)
    0x00005784   0x00000010   Code   RO         1559    x$fpl$printf1       fz_ps.l(printf1.o)
    0x00005794   0x00000010   Code   RO         1561    x$fpl$printf2       fz_ps.l(printf2.o)
    0x000057a4   0x00000000   Code   RO         1569    x$fpl$usenofp       fz_ps.l(usenofp.o)
    0x000057a4   0x00000036   Data   RO          338    .constdata          main.o
    0x000057da   0x00000017   Data   RO          460    .constdata          retarget.o
    0x000057f1   0x00000003   PAD
    0x000057f4   0x0000006c   Data   RO          846    .constdata          mbed.ar(PeripheralPins.o)
    0x00005860   0x0000006c   Data   RO          847    .constdata          mbed.ar(PeripheralPins.o)
    0x000058cc   0x00000014   Data   RO         1018    .constdata          mbed.ar(us_ticker_api.o)
    0x000058e0   0x00000008   Data   RO         1019    .constdata          mbed.ar(us_ticker_api.o)
    0x000058e8   0x00000028   Data   RO         1072    .constdata          c_p.l(_printf_hex_int_ll_ptr.o)
    0x00005910   0x00000011   Data   RO         1092    .constdata          c_p.l(__printf_flags_ss_wp.o)
    0x00005921   0x00000080   Data   RO         1292    .constdata          fz_ps.l(ddiv.o)
    0x000059a1   0x00000003   PAD
    0x000059a4   0x00000008   Data   RO         1400    .constdata          c_p.l(_printf_wctomb.o)
    0x000059ac   0x00000026   Data   RO         1626    .constdata          c_p.l(_printf_fp_hex.o)
    0x000059d2   0x00000002   PAD
    0x000059d4   0x00000094   Data   RO         1767    .constdata          c_p.l(bigflt0.o)
    0x00005a68   0x0000002c   Data   RO          510    .constdata__ZTVN4mbed10FileHandleE  retarget.o
    0x00005a94   0x00000010   Data   RO          985    .constdata__ZTVN4mbed10SerialBaseE  mbed.ar(SerialBase.o)
    0x00005aa4   0x0000005c   Data   RO          679    .constdata__ZTVN4mbed6SerialE  mbed.ar(Serial.o)
    0x00005b00   0x00000044   Data   RO          770    .constdata__ZTVN4mbed6StreamE  mbed.ar(Stream.o)
    0x00005b44   0x00000010   Data   RO          944    .constdata__ZTVN4mbed8FileBaseE  mbed.ar(FileBase.o)
    0x00005b54   0x0000003c   Data   RO          914    .constdata__ZTVN4mbed8FileLikeE  mbed.ar(FileLike.o)
    0x00005b90   0x00000069   Data   RO          321    .conststring        board.o
    0x00005bf9   0x00000003   PAD
    0x00005bfc   0x000000c4   Data   RO          553    .conststring        mbed.ar(serial_api.o)
    0x00005cc0   0x00000069   Data   RO          861    .conststring        mbed.ar(gpio_api.o)
    0x00005d29   0x00000003   PAD
    0x00005d2c   0x00000067   Data   RO          872    .conststring        mbed.ar(pinmap.o)
    0x00005d93   0x00000001   PAD
    0x00005d94   0x00000020   Data   RO         1932    Region$$Table       anon$$obj.o
    0x00005db4   0x0000001c   Data   RO         1775    locale$$data        c_p.l(lc_numeric_c.o)
    0x00005dd0   0x00000110   Data   RO         1854    locale$$data        c_p.l(lc_ctype_c.o)
    0x00005ee0   0x00000004   Data   RO            7    .init_array         adafruit_pn532.o
    0x00005ee4   0x00000004   Data   RO          339    .init_array         main.o
    0x00005ee8   0x00000000   Data   RO         1165    .init_array         c_p.l(init_aeabi.o)


    Execution Region RW_IRAM1 (Base: 0x1ffff0c0, Size: 0x0000035c, Max: 0x00003f40, ABSOLUTE)

    Base Addr    Size         Type   Attr      Idx    E Section Name        Object

    0x1ffff0c0   0x0000000c   Data   RW            6    .data               adafruit_pn532.o
    0x1ffff0cc   0x00000004   Data   RW          528    .data               system_MKL25Z4.o
    0x1ffff0d0   0x00000010   Data   RW          554    .data               mbed.ar(serial_api.o)
    0x1ffff0e0   0x00000004   Data   RW          819    .data               mbed.ar(semihost_api.o)
    0x1ffff0e4   0x0000000c   Data   RW          885    .data               mbed.ar(us_ticker.o)
    0x1ffff0f0   0x00000004   Data   RW          933    .data               mbed.ar(FileBase.o)
    0x1ffff0f4   0x00000008   Data   RW         1020    .data               mbed.ar(us_ticker_api.o)
    0x1ffff0fc   0x00000004   Data   RW         1123    .data               c_p.l(stdio_streams.o)
    0x1ffff100   0x00000004   Data   RW         1124    .data               c_p.l(stdio_streams.o)
    0x1ffff104   0x00000004   Data   RW         1125    .data               c_p.l(stdio_streams.o)
    0x1ffff108   0x00000004   Data   RW         1795    .data               c_p.l(heapauxa.o)
    0x1ffff10c   0x00000098   Zero   RW            5    .bss                adafruit_pn532.o
    0x1ffff1a4   0x00000110   Zero   RW          337    .bss                main.o
    0x1ffff2b4   0x00000040   Zero   RW          459    .bss                retarget.o
    0x1ffff2f4   0x0000000c   Zero   RW          552    .bss                mbed.ar(serial_api.o)
    0x1ffff300   0x00000054   Zero   RW         1120    .bss                c_p.l(stdio_streams.o)
    0x1ffff354   0x00000054   Zero   RW         1121    .bss                c_p.l(stdio_streams.o)
    0x1ffff3a8   0x00000054   Zero   RW         1122    .bss                c_p.l(stdio_streams.o)
    0x1ffff3fc   0x00000004   Zero   RW         1315    .bss                c_p.l(rt_ddtor_pointer_addr.o)
    0x1ffff400   0x00000004   Zero   RW         1593    .bss                c_p.l(rt_heap_descriptor.o)
    0x1ffff404   0x00000014   Zero   RW         1742    .bss                c_p.l(rt_locale.o)
    0x1ffff418   0x00000004   Zero   RW         1752    .bss                c_p.l(rt_errno_addr.o)


==============================================================================

Image component sizes


      Code (inc. data)   RO Data    RW Data    ZI Data      Debug   Object Name

      2884        284          4         12        152     126195   adafruit_pn532.o
       112         34        105          0          0         68   board.o
        52          8          0          0          0         80   cmsis_nvic.o
      1084        544         58          0        272       8452   main.o
        16          0          0          0          0         72   mbed_overrides.o
       756         82         67          0         64        884   retarget.o
        44         24        192          0          0        164   startup_MKL25Z4.o
        16          6          0          0          0         60   sys.o
       152         32          0          4          0         60   system_MKL25Z4.o

    ----------------------------------------------------------------------
      5120       1014        464         16        488     136035   Object Totals
         0          0         32          0          0          0   (incl. Generated)
         4          0          6          0          0          0   (incl. Padding)

    ----------------------------------------------------------------------

      Code (inc. data)   RO Data    RW Data    ZI Data      Debug   Library Member Name

        64         10          0          0          0         84   __0sscanf.o
        44          4          0          0          0         84   __2sprintf.o
         8          0          0          0          0         68   __main.o
       392          6         17          0          0         76   __printf_flags_ss_wp.o
        14          0          0          0          0         60   __printf_wp.o
         0          0          0          0          0          0   __rtentry.o
        12          0          0          0          0          0   __rtentry2.o
         6          0          0          0          0          0   __rtentry4.o
        60          8          0          0          0          0   __scatter.o
        26          0          0          0          0          0   __scatter_copy.o
        28          0          0          0          0          0   __scatter_zi.o
        30          0          0          0          0         60   _chval.o
        10          0          0          0          0          0   _printf_a.o
        10          0          0          0          0          0   _printf_c.o
        46          0          0          0          0        100   _printf_char.o
        48          6          0          0          0         88   _printf_char_common.o
        40          6          0          0          0         72   _printf_char_file.o
        38          0          0          0          0         60   _printf_charcount.o
        10          0          0          0          0          0   _printf_d.o
       108         18          0          0          0         76   _printf_dec.o
        10          0          0          0          0          0   _printf_e.o
        10          0          0          0          0          0   _printf_f.o
      1044         14          0          0          0        176   _printf_fp_dec.o
       724         10         38          0          0         84   _printf_fp_hex.o
       136         16          0          0          0         76   _printf_fp_infnan.o
        10          0          0          0          0          0   _printf_g.o
       152          4         40          0          0        148   _printf_hex_int_ll_ptr.o
        10          0          0          0          0          0   _printf_i.o
       176          0          0          0          0         84   _printf_intcommon.o
        10          0          0          0          0          0   _printf_l.o
        10          0          0          0          0          0   _printf_lc.o
        10          0          0          0          0          0   _printf_ll.o
        10          0          0          0          0          0   _printf_lld.o
        10          0          0          0          0          0   _printf_lli.o
        10          0          0          0          0          0   _printf_llo.o
        10          0          0          0          0          0   _printf_llu.o
        10          0          0          0          0          0   _printf_llx.o
       112         18          0          0          0         76   _printf_longlong_dec.o
        10          0          0          0          0          0   _printf_ls.o
        10          0          0          0          0          0   _printf_n.o
        10          0          0          0          0          0   _printf_o.o
       112         10          0          0          0        112   _printf_oct_int_ll.o
        10          0          0          0          0          0   _printf_p.o
        78          0          0          0          0        100   _printf_pad.o
         2          0          0          0          0          0   _printf_percent.o
         4          0          0          0          0          0   _printf_percent_end.o
        10          0          0          0          0          0   _printf_s.o
        82          0          0          0          0         72   _printf_str.o
        36          0          0          0          0         76   _printf_truncate.o
        10          0          0          0          0          0   _printf_u.o
        46          0          0          0          0        100   _printf_wchar.o
       188          6          8          0          0         80   _printf_wctomb.o
        10          0          0          0          0          0   _printf_x.o
       896         16          0          0          0         84   _scanf.o
       330          0          0          0          0         84   _scanf_int.o
        68          0          0          0          0         76   _sgetc.o
        10          0          0          0          0         60   _sputc.o
        64          0          0          0          0         72   _wcrtomb.o
        42          0          0          0          0         76   aeabi_atexit.o
       488          0          0          0          0         92   aeabi_sdivfast.o
       200          4        148          0          0         80   bigflt0.o
      1240         12          0          0          0        316   btod.o
        14          0          0          0          0         68   c89vfprintf.o
        66          0          0          0          0         76   cxa_finalize.o
        12          0          0          0          0         68   defsig_exit.o
        52          0          0          0          0         72   defsig_general.o
        48         34          0          0          0         68   defsig_pvfn_inner.o
        12          0          0          0          0         68   defsig_pvfn_outer.o
        80         58          0          0          0         68   defsig_rtmem_inner.o
        12          0          0          0          0         68   defsig_rtmem_outer.o
        52         38          0          0          0         68   defsig_rtred_inner.o
        12          0          0          0          0         68   defsig_rtred_outer.o
        76          4          0          0          0         76   fclose.o
         8          0          0          0          0         60   ferror.o
       104          4          0          0          0        100   fflush.o
       496         10          0          0          0         76   flsbuf.o
       232          8          0          0          0        108   fopen.o
        30          0          0          0          0         68   fputc.o
       244          4          0          0          0         76   fseek.o
        66          0          0          0          0         68   ftell.o
        98          0          0          0          0         72   h1_alloc.o
        52          0          0          0          0         68   h1_extend.o
        76          0          0          0          0         72   h1_free.o
        14          0          0          0          0         76   h1_init.o
        80          4          0          4          0         88   heapauxa.o
         4          0          0          0          0        120   hguard.o
         0          0          0          0          0          0   indicate_semi.o
        36         10          0          0          0         72   init_aeabi.o
       136          0          0          0          0        160   init_alloc.o
       316         44          0          0          0         96   initio.o
        18          0          0          0          0         68   isspace.o
        44         10        272          0          0         76   lc_ctype_c.o
        44         10         28          0          0         76   lc_numeric_c.o
         2          0          0          0          0          0   libinit.o
        46          0          0          0          0          0   libinit2.o
         0          0          0          0          0          0   libshutdown2.o
       122          0          0          0          0         72   lludiv10.o
         0          0          0          0          0          0   maybetermalloc1.o
        16          4          0          0          0         76   rt_ctype_table.o
         8          4          0          0          4         68   rt_ddtor_pointer_addr.o
         8          4          0          0          4         68   rt_errno_addr.o
         8          4          0          0          4         68   rt_heap_descriptor.o
         8          4          0          0         20         68   rt_locale.o
        64          0          0          0          0        108   rt_memclr.o
       186          0          0          0          0        144   rt_memcpy.o
        40          0          0          0          0         60   rtudiv10.o
        48          8          0          0          0         84   scanf_char.o
        26          0          0          0          0         68   setbuf.o
        76          4          0          0          0         72   setvbuf.o
       240          8          0          0          0        144   stdio.o
         0          0          0         12        252          0   stdio_streams.o
       160          4          0          0          0         80   strcmpv6m.o
        68          6          0          0          0         72   strlen.o
       160          6          0          0          0         76   strncmp.o
        12          4          0          0          0         60   sys_exit.o
        12          0          0          0          0         68   sys_wrch.o
         2          0          0          0          0         68   use_no_semi.o
        14          0          0          0          0         68   vfprintf.o
        34          0          0          0          0         80   aeabi_vec_ctor_nocookie_nodtor.o
        10          0          0          0          0         68   pure_virt.o
       124          4          0          0          0         72   d2f.o
      1096         26        128          0          0        112   ddiv.o
        88          0          0          0          0         92   dflti.o
       584         26          0          0          0         84   dmul.o
        76          0          0          0          0         68   ffixi.o
       176          4          0          0          0         80   fmul.o
        16          4          0          0          0         76   printf1.o
        16          4          0          0          0         76   printf2.o
         0          0          0          0          0          0   usenofp.o
        44          4          0          0          0         60   fpclassify.o
       152         22         16          4          0        252   FileBase.o
        52         12         60          0          0        136   FileLike.o
       164          0          0          0          0        392   FilePath.o
         0          0        216          0          0          0   PeripheralPins.o
        66         12         92          0          0        204   Serial.o
       144         14         16          0          0        288   SerialBase.o
       190         26         68          0          0        552   Stream.o
        68         52          0          0          0         68   assert.o
        24          4          0          0          0         72   error.o
       194         38          0          0          0        220   gpio.o
       158         34        105          0          0        212   gpio_api.o
         8          0          0          0          0         68   mbed_interface.o
       164         60        103          0          0        144   pinmap.o
       228         76          0          0          0        204   pinmap_common.o
        24          6          0          4          0        128   semihost_api.o
      1052        178        196         16         12        368   serial_api.o
        74          0          0          0          0         68   ticker_api.o
       706        110          0         12          0        408   us_ticker.o
        16          6         28          8          0         68   us_ticker_api.o
        64          4          0          0          0        144   wait_api.o

    ----------------------------------------------------------------------
     17124       1192       1588         60        296      11776   Library Totals
        38          0          9          0          0          0   (incl. Padding)

    ----------------------------------------------------------------------

      Code (inc. data)   RO Data    RW Data    ZI Data      Debug   Library Name

     11274        466        551         16        284       6912   c_p.l
        44          0          0          0          0        148   cpprt_p.l
      2176         68        128          0          0        660   fz_ps.l
        44          4          0          0          0         60   m_ps.l
      3548        654        900         44         12       3996   mbed.ar

    ----------------------------------------------------------------------
     17124       1192       1588         60        296      11776   Library Totals

    ----------------------------------------------------------------------

==============================================================================


      Code (inc. data)   RO Data    RW Data    ZI Data      Debug   

     22244       2206       2052         76        784     140283   Grand Totals
     22244       2206       2052         76        784     140283   ELF Image Totals
     22244       2206       2052         76          0          0   ROM Totals

==============================================================================

    Total RO  Size (Code + RO Data)                24296 (  23.73kB)
    Total RW  Size (RW Data + ZI Data)               860 (   0.84kB)
    Total ROM Size (Code + RO Data + RW Data)      24372 (  23.80kB)

==============================================================================

