<html>
<body>
<pre>
<h1>µVision Build Log</h1>
<h2>Tool Versions:</h2>
IDE-Version: µVision V5.18.0.0
Copyright (C) 2016 ARM Ltd and ARM Germany GmbH. All rights reserved.
License Information: Lane Mills, UW Stout, LIC=----
 
Tool Versions:
Toolchain:       MDK-Lite  Version: 5.18
Toolchain Path:  D:\KEIL\ARM\ARMCC\Bin
C Compiler:      Armcc.exe V5.06 update 1 (build 61)
Assembler:       Armasm.exe V5.06 update 1 (build 61)
Linker/Locator:  ArmLink.exe V5.06 update 1 (build 61)
Library Manager: ArmAr.exe V5.06 update 1 (build 61)
Hex Converter:   FromElf.exe V5.06 update 1 (build 61)
CPU DLL:         SARMCM3.DLL V5.18
Dialog DLL:      DARMCM1.DLL V1.12.0.0
Target DLL:      CMSIS_AGDI.dll V1.25.7.0
Dialog DLL:      TARMCM1.DLL V1.9.0.0
 
<h2>Project:</h2>
D:\Student Data\Documents\GitHub\readMifare\readMifare.uvprojx
Project File Date:  04/26/2016

<h2>Output:</h2>
*** Using Compiler 'V5.06 update 1 (build 61)', folder: 'D:\KEIL\ARM\ARMCC\Bin'
Rebuild target 'readMifare'
compiling main.cpp...
PN532\Adafruit_PN532.h(191): warning:  #1-D: last line of file ends without a newline
  #endif  // _PN532_ADAFRUIT_PN532_H_
cardcheck.h(36): warning:  #1-D: last line of file ends without a newline
  };
blinkLED.h(25): warning:  #1-D: last line of file ends without a newline
  };
main.cpp(231): warning:  #1-D: last line of file ends without a newline
  }
main.cpp(130): warning:  #177-D: variable "cardIsAuth" was declared but never referenced
  	uint8_t cardIsAuth = 0x00;
main.cpp: 5 warnings, 0 errors
compiling cardcheck.cpp...
cardcheck.h(36): warning:  #1-D: last line of file ends without a newline
  };
blinkLED.h(25): warning:  #1-D: last line of file ends without a newline
  };
cardcheck.cpp: 2 warnings, 0 errors
compiling Adafruit_PN532.cpp...
PN532/Adafruit_PN532.h(191): warning:  #1-D: last line of file ends without a newline
  #endif  // _PN532_ADAFRUIT_PN532_H_
PN532/Adafruit_PN532.cpp(1035): warning:  #1-D: last line of file ends without a newline
  }
PN532/Adafruit_PN532.cpp: 2 warnings, 0 errors
compiling delay.cpp...
compiling blinkLED.cpp...
blinkLED.h(25): warning:  #1-D: last line of file ends without a newline
  };
PN532\Adafruit_PN532.h(191): warning:  #1-D: last line of file ends without a newline
  #endif  // _PN532_ADAFRUIT_PN532_H_
blinkLED.cpp: 2 warnings, 0 errors
linking...
Program Size: Code=23752 RO-data=2004 RW-data=156 ZI-data=820  
After Build - User command #1: fromelf --bin --output=readMifare.bin .\build\readMifare.axf
".\build\readMifare.axf" - 0 Error(s), 11 Warning(s).

<h2>Software Packages used:</h2>

Package Vendor: ARM
                http://www.keil.com/pack/ARM.CMSIS.4.5.0.pack
                ARM::CMSIS:CORE:4.3.0
                CMSIS (Cortex Microcontroller Software Interface Standard)
   * Component: CORE Version: 4.3.0

<h2>Collection of Component include folders:</h2>
  D:\Student Data\Documents\GitHub\readMifare\RTE
  D:\KEIL\ARM\PACK\ARM\CMSIS\4.5.0\CMSIS\Include
  D:\KEIL\ARM\PACK\Keil\Kinetis_KLxx_DFP\1.10.0\Device\Include

<h2>Collection of Component Files used:</h2>

   * Component: ARM::CMSIS:CORE:4.3.0
Build Time Elapsed:  00:00:03
</pre>
</body>
</html>
